------------------------------------------------------------
TimeQuest Timing Analyzer Summary
------------------------------------------------------------

Type  : Slow 1200mV 85C Model Setup 'CLK_X'
Slack : -4.988
TNS   : -301.866

Type  : Slow 1200mV 85C Model Setup 'S3:LED_S3|cs.f1'
Slack : -4.274
TNS   : -35.709

Type  : Slow 1200mV 85C Model Setup 'control:Control0|cnt[0]'
Slack : -4.153
TNS   : -43.587

Type  : Slow 1200mV 85C Model Setup 'control:Control0|delay1'
Slack : -0.937
TNS   : -1.396

Type  : Slow 1200mV 85C Model Setup 'clock_div:C1|cnt[10]'
Slack : -0.034
TNS   : -0.034

Type  : Slow 1200mV 85C Model Hold 'clock_div:C1|cnt[10]'
Slack : 0.161
TNS   : 0.000

Type  : Slow 1200mV 85C Model Hold 'CLK_X'
Slack : 0.341
TNS   : 0.000

Type  : Slow 1200mV 85C Model Hold 'control:Control0|delay1'
Slack : 0.437
TNS   : 0.000

Type  : Slow 1200mV 85C Model Hold 'control:Control0|cnt[0]'
Slack : 0.561
TNS   : 0.000

Type  : Slow 1200mV 85C Model Hold 'S3:LED_S3|cs.f1'
Slack : 2.175
TNS   : 0.000

Type  : Slow 1200mV 85C Model Recovery 'CLK_X'
Slack : -1.855
TNS   : -39.403

Type  : Slow 1200mV 85C Model Removal 'CLK_X'
Slack : 0.009
TNS   : 0.000

Type  : Slow 1200mV 85C Model Minimum Pulse Width 'CLK_X'
Slack : -3.000
TNS   : -151.700

Type  : Slow 1200mV 85C Model Minimum Pulse Width 'clock_div:C1|cnt[10]'
Slack : -1.487
TNS   : -4.461

Type  : Slow 1200mV 85C Model Minimum Pulse Width 'control:Control0|delay1'
Slack : -1.487
TNS   : -2.974

Type  : Slow 1200mV 85C Model Minimum Pulse Width 'S3:LED_S3|cs.f1'
Slack : 0.334
TNS   : 0.000

Type  : Slow 1200mV 85C Model Minimum Pulse Width 'control:Control0|cnt[0]'
Slack : 0.371
TNS   : 0.000

Type  : Slow 1200mV 0C Model Setup 'CLK_X'
Slack : -4.758
TNS   : -278.363

Type  : Slow 1200mV 0C Model Setup 'S3:LED_S3|cs.f1'
Slack : -4.334
TNS   : -35.276

Type  : Slow 1200mV 0C Model Setup 'control:Control0|cnt[0]'
Slack : -3.990
TNS   : -41.807

Type  : Slow 1200mV 0C Model Setup 'control:Control0|delay1'
Slack : -0.814
TNS   : -1.237

Type  : Slow 1200mV 0C Model Setup 'clock_div:C1|cnt[10]'
Slack : 0.059
TNS   : 0.000

Type  : Slow 1200mV 0C Model Hold 'clock_div:C1|cnt[10]'
Slack : 0.120
TNS   : 0.000

Type  : Slow 1200mV 0C Model Hold 'CLK_X'
Slack : 0.304
TNS   : 0.000

Type  : Slow 1200mV 0C Model Hold 'control:Control0|delay1'
Slack : 0.366
TNS   : 0.000

Type  : Slow 1200mV 0C Model Hold 'control:Control0|cnt[0]'
Slack : 0.424
TNS   : 0.000

Type  : Slow 1200mV 0C Model Hold 'S3:LED_S3|cs.f1'
Slack : 2.007
TNS   : 0.000

Type  : Slow 1200mV 0C Model Recovery 'CLK_X'
Slack : -1.792
TNS   : -36.346

Type  : Slow 1200mV 0C Model Removal 'CLK_X'
Slack : 0.003
TNS   : 0.000

Type  : Slow 1200mV 0C Model Minimum Pulse Width 'CLK_X'
Slack : -3.000
TNS   : -151.700

Type  : Slow 1200mV 0C Model Minimum Pulse Width 'clock_div:C1|cnt[10]'
Slack : -1.487
TNS   : -4.536

Type  : Slow 1200mV 0C Model Minimum Pulse Width 'control:Control0|delay1'
Slack : -1.487
TNS   : -2.974

Type  : Slow 1200mV 0C Model Minimum Pulse Width 'S3:LED_S3|cs.f1'
Slack : 0.183
TNS   : 0.000

Type  : Slow 1200mV 0C Model Minimum Pulse Width 'control:Control0|cnt[0]'
Slack : 0.271
TNS   : 0.000

Type  : Fast 1200mV 0C Model Setup 'S3:LED_S3|cs.f1'
Slack : -1.607
TNS   : -7.497

Type  : Fast 1200mV 0C Model Setup 'CLK_X'
Slack : -1.352
TNS   : -58.495

Type  : Fast 1200mV 0C Model Setup 'control:Control0|cnt[0]'
Slack : -1.064
TNS   : -6.454

Type  : Fast 1200mV 0C Model Setup 'clock_div:C1|cnt[10]'
Slack : -0.111
TNS   : -0.111

Type  : Fast 1200mV 0C Model Setup 'control:Control0|delay1'
Slack : 0.156
TNS   : 0.000

Type  : Fast 1200mV 0C Model Hold 'CLK_X'
Slack : 0.057
TNS   : 0.000

Type  : Fast 1200mV 0C Model Hold 'control:Control0|delay1'
Slack : 0.125
TNS   : 0.000

Type  : Fast 1200mV 0C Model Hold 'control:Control0|cnt[0]'
Slack : 0.128
TNS   : 0.000

Type  : Fast 1200mV 0C Model Hold 'clock_div:C1|cnt[10]'
Slack : 0.197
TNS   : 0.000

Type  : Fast 1200mV 0C Model Hold 'S3:LED_S3|cs.f1'
Slack : 0.698
TNS   : 0.000

Type  : Fast 1200mV 0C Model Recovery 'CLK_X'
Slack : -0.566
TNS   : -11.759

Type  : Fast 1200mV 0C Model Removal 'CLK_X'
Slack : 0.017
TNS   : 0.000

Type  : Fast 1200mV 0C Model Minimum Pulse Width 'CLK_X'
Slack : -3.000
TNS   : -119.442

Type  : Fast 1200mV 0C Model Minimum Pulse Width 'clock_div:C1|cnt[10]'
Slack : -1.000
TNS   : -3.000

Type  : Fast 1200mV 0C Model Minimum Pulse Width 'control:Control0|delay1'
Slack : -1.000
TNS   : -2.000

Type  : Fast 1200mV 0C Model Minimum Pulse Width 'control:Control0|cnt[0]'
Slack : 0.373
TNS   : 0.000

Type  : Fast 1200mV 0C Model Minimum Pulse Width 'S3:LED_S3|cs.f1'
Slack : 0.383
TNS   : 0.000

------------------------------------------------------------
