Analysis & Synthesis report for LED_Sequencer_TEI0026
Mon Jan 24 23:37:23 2022
Quartus Prime Version 17.1.0 Build 590 10/25/2017 SJ Lite Edition


---------------------
; Table of Contents ;
---------------------
  1. Legal Notice
  2. Analysis & Synthesis Summary
  3. Analysis & Synthesis Settings
  4. Parallel Compilation
  5. Analysis & Synthesis Source Files Read
  6. Analysis & Synthesis Resource Usage Summary
  7. Analysis & Synthesis Resource Utilization by Entity
  8. State Machine - |top|S3:LED_S3|cs
  9. User-Specified and Inferred Latches
 10. Registers Removed During Synthesis
 11. General Register Statistics
 12. Multiplexer Restructuring Statistics (Restructuring Performed)
 13. Parameter Settings for User Entity Instance: clock_div:C0
 14. Parameter Settings for User Entity Instance: clock_div:C1
 15. Parameter Settings for User Entity Instance: S4:LED_S4
 16. Parameter Settings for User Entity Instance: pwm_gen:PWM_GEN0
 17. Parameter Settings for User Entity Instance: pwm_gen:PWM_GEN1
 18. Port Connectivity Checks: "pwm_gen:PWM_GEN1"
 19. Port Connectivity Checks: "pwm_gen:PWM_GEN0"
 20. Port Connectivity Checks: "S4:LED_S4"
 21. Port Connectivity Checks: "S3:LED_S3"
 22. Port Connectivity Checks: "S2:LED_S2"
 23. Port Connectivity Checks: "S1:LED_S1"
 24. Port Connectivity Checks: "control:Control0"
 25. Port Connectivity Checks: "differentiator:DIFF1"
 26. Port Connectivity Checks: "differentiator:DIFF0"
 27. Port Connectivity Checks: "clock_div:C1"
 28. Port Connectivity Checks: "clock_div:C0"
 29. Post-Synthesis Netlist Statistics for Top Partition
 30. Elapsed Time Per Partition
 31. Analysis & Synthesis Messages



----------------
; Legal Notice ;
----------------
Copyright (C) 2017  Intel Corporation. All rights reserved.
Your use of Intel Corporation's design tools, logic functions 
and other software and tools, and its AMPP partner logic 
functions, and any output files from any of the foregoing 
(including device programming or simulation files), and any 
associated documentation or information are expressly subject 
to the terms and conditions of the Intel Program License 
Subscription Agreement, the Intel Quartus Prime License Agreement,
the Intel FPGA IP License Agreement, or other applicable license
agreement, including, without limitation, that your use is for
the sole purpose of programming logic devices manufactured by
Intel and sold by Intel or its authorized distributors.  Please
refer to the applicable agreement for further details.



+----------------------------------------------------------------------------------+
; Analysis & Synthesis Summary                                                     ;
+------------------------------------+---------------------------------------------+
; Analysis & Synthesis Status        ; Successful - Mon Jan 24 23:37:23 2022       ;
; Quartus Prime Version              ; 17.1.0 Build 590 10/25/2017 SJ Lite Edition ;
; Revision Name                      ; LED_Sequencer_TEI0026                       ;
; Top-level Entity Name              ; top                                         ;
; Family                             ; MAX 10                                      ;
; Total logic elements               ; 249                                         ;
;     Total combinational functions  ; 238                                         ;
;     Dedicated logic registers      ; 105                                         ;
; Total registers                    ; 105                                         ;
; Total pins                         ; 10                                          ;
; Total virtual pins                 ; 0                                           ;
; Total memory bits                  ; 0                                           ;
; Embedded Multiplier 9-bit elements ; 0                                           ;
; Total PLLs                         ; 0                                           ;
; UFM blocks                         ; 0                                           ;
; ADC blocks                         ; 0                                           ;
+------------------------------------+---------------------------------------------+


+-------------------------------------------------------------------------------------------------------------------------+
; Analysis & Synthesis Settings                                                                                           ;
+----------------------------------------------------------------------------+--------------------+-----------------------+
; Option                                                                     ; Setting            ; Default Value         ;
+----------------------------------------------------------------------------+--------------------+-----------------------+
; Device                                                                     ; 10M08SAU169C8G     ;                       ;
; Top-level entity name                                                      ; top                ; LED_Sequencer_TEI0026 ;
; Family name                                                                ; MAX 10             ; Cyclone V             ;
; Use smart compilation                                                      ; Off                ; Off                   ;
; Enable parallel Assembler and TimeQuest Timing Analyzer during compilation ; On                 ; On                    ;
; Enable compact report table                                                ; Off                ; Off                   ;
; Restructure Multiplexers                                                   ; Auto               ; Auto                  ;
; Create Debugging Nodes for IP Cores                                        ; Off                ; Off                   ;
; Preserve fewer node names                                                  ; On                 ; On                    ;
; Intel FPGA IP Evaluation Mode                                              ; Enable             ; Enable                ;
; Verilog Version                                                            ; Verilog_2001       ; Verilog_2001          ;
; VHDL Version                                                               ; VHDL_1993          ; VHDL_1993             ;
; State Machine Processing                                                   ; Auto               ; Auto                  ;
; Safe State Machine                                                         ; Off                ; Off                   ;
; Extract Verilog State Machines                                             ; On                 ; On                    ;
; Extract VHDL State Machines                                                ; On                 ; On                    ;
; Ignore Verilog initial constructs                                          ; Off                ; Off                   ;
; Iteration limit for constant Verilog loops                                 ; 5000               ; 5000                  ;
; Iteration limit for non-constant Verilog loops                             ; 250                ; 250                   ;
; Add Pass-Through Logic to Inferred RAMs                                    ; On                 ; On                    ;
; Infer RAMs from Raw Logic                                                  ; On                 ; On                    ;
; Parallel Synthesis                                                         ; On                 ; On                    ;
; DSP Block Balancing                                                        ; Auto               ; Auto                  ;
; NOT Gate Push-Back                                                         ; On                 ; On                    ;
; Power-Up Don't Care                                                        ; On                 ; On                    ;
; Remove Redundant Logic Cells                                               ; Off                ; Off                   ;
; Remove Duplicate Registers                                                 ; On                 ; On                    ;
; Ignore CARRY Buffers                                                       ; Off                ; Off                   ;
; Ignore CASCADE Buffers                                                     ; Off                ; Off                   ;
; Ignore GLOBAL Buffers                                                      ; Off                ; Off                   ;
; Ignore ROW GLOBAL Buffers                                                  ; Off                ; Off                   ;
; Ignore LCELL Buffers                                                       ; Off                ; Off                   ;
; Ignore SOFT Buffers                                                        ; On                 ; On                    ;
; Limit AHDL Integers to 32 Bits                                             ; Off                ; Off                   ;
; Optimization Technique                                                     ; Balanced           ; Balanced              ;
; Carry Chain Length                                                         ; 70                 ; 70                    ;
; Auto Carry Chains                                                          ; On                 ; On                    ;
; Auto Open-Drain Pins                                                       ; On                 ; On                    ;
; Perform WYSIWYG Primitive Resynthesis                                      ; Off                ; Off                   ;
; Auto ROM Replacement                                                       ; On                 ; On                    ;
; Auto RAM Replacement                                                       ; On                 ; On                    ;
; Auto DSP Block Replacement                                                 ; On                 ; On                    ;
; Auto Shift Register Replacement                                            ; Auto               ; Auto                  ;
; Allow Shift Register Merging across Hierarchies                            ; Auto               ; Auto                  ;
; Auto Clock Enable Replacement                                              ; On                 ; On                    ;
; Strict RAM Replacement                                                     ; Off                ; Off                   ;
; Allow Synchronous Control Signals                                          ; On                 ; On                    ;
; Force Use of Synchronous Clear Signals                                     ; Off                ; Off                   ;
; Auto RAM Block Balancing                                                   ; On                 ; On                    ;
; Auto RAM to Logic Cell Conversion                                          ; Off                ; Off                   ;
; Auto Resource Sharing                                                      ; Off                ; Off                   ;
; Allow Any RAM Size For Recognition                                         ; Off                ; Off                   ;
; Allow Any ROM Size For Recognition                                         ; Off                ; Off                   ;
; Allow Any Shift Register Size For Recognition                              ; Off                ; Off                   ;
; Use LogicLock Constraints during Resource Balancing                        ; On                 ; On                    ;
; Ignore translate_off and synthesis_off directives                          ; Off                ; Off                   ;
; Timing-Driven Synthesis                                                    ; On                 ; On                    ;
; Report Parameter Settings                                                  ; On                 ; On                    ;
; Report Source Assignments                                                  ; On                 ; On                    ;
; Report Connectivity Checks                                                 ; On                 ; On                    ;
; Ignore Maximum Fan-Out Assignments                                         ; Off                ; Off                   ;
; Synchronization Register Chain Length                                      ; 2                  ; 2                     ;
; Power Optimization During Synthesis                                        ; Normal compilation ; Normal compilation    ;
; HDL message level                                                          ; Level2             ; Level2                ;
; Suppress Register Optimization Related Messages                            ; Off                ; Off                   ;
; Number of Removed Registers Reported in Synthesis Report                   ; 5000               ; 5000                  ;
; Number of Swept Nodes Reported in Synthesis Report                         ; 5000               ; 5000                  ;
; Number of Inverted Registers Reported in Synthesis Report                  ; 100                ; 100                   ;
; Clock MUX Protection                                                       ; On                 ; On                    ;
; Auto Gated Clock Conversion                                                ; Off                ; Off                   ;
; Block Design Naming                                                        ; Auto               ; Auto                  ;
; SDC constraint protection                                                  ; Off                ; Off                   ;
; Synthesis Effort                                                           ; Auto               ; Auto                  ;
; Shift Register Replacement - Allow Asynchronous Clear Signal               ; On                 ; On                    ;
; Pre-Mapping Resynthesis Optimization                                       ; Off                ; Off                   ;
; Analysis & Synthesis Message Level                                         ; Medium             ; Medium                ;
; Disable Register Merging Across Hierarchies                                ; Auto               ; Auto                  ;
; Resource Aware Inference For Block RAM                                     ; On                 ; On                    ;
+----------------------------------------------------------------------------+--------------------+-----------------------+


+------------------------------------------+
; Parallel Compilation                     ;
+----------------------------+-------------+
; Processors                 ; Number      ;
+----------------------------+-------------+
; Number detected on machine ; 4           ;
; Maximum allowed            ; 2           ;
;                            ;             ;
; Average used               ; 1.00        ;
; Maximum used               ; 2           ;
;                            ;             ;
; Usage by Processor         ; % Time Used ;
;     Processor 1            ; 100.0%      ;
;     Processor 2            ;   0.0%      ;
+----------------------------+-------------+


+--------------------------------------------------------------------------------------------------------------------------------------------------------------------+
; Analysis & Synthesis Source Files Read                                                                                                                             ;
+----------------------------------+-----------------+-----------------+-----------------------------------------------------------------------------------+---------+
; File Name with User-Entered Path ; Used in Netlist ; File Type       ; File Name with Absolute Path                                                      ; Library ;
+----------------------------------+-----------------+-----------------+-----------------------------------------------------------------------------------+---------+
; top.vhd                          ; yes             ; User VHDL File  ; /home/jordi/Documents/Coding/FPGA/TEI0026_17/2.0.Led_sequencer/top.vhd            ;         ;
; S4.vhd                           ; yes             ; User VHDL File  ; /home/jordi/Documents/Coding/FPGA/TEI0026_17/2.0.Led_sequencer/S4.vhd             ;         ;
; S3.vhd                           ; yes             ; User VHDL File  ; /home/jordi/Documents/Coding/FPGA/TEI0026_17/2.0.Led_sequencer/S3.vhd             ;         ;
; S2.vhd                           ; yes             ; User VHDL File  ; /home/jordi/Documents/Coding/FPGA/TEI0026_17/2.0.Led_sequencer/S2.vhd             ;         ;
; S1.vhd                           ; yes             ; User VHDL File  ; /home/jordi/Documents/Coding/FPGA/TEI0026_17/2.0.Led_sequencer/S1.vhd             ;         ;
; pwm_gen.vhd                      ; yes             ; User VHDL File  ; /home/jordi/Documents/Coding/FPGA/TEI0026_17/2.0.Led_sequencer/pwm_gen.vhd        ;         ;
; differentiator.vhd               ; yes             ; User VHDL File  ; /home/jordi/Documents/Coding/FPGA/TEI0026_17/2.0.Led_sequencer/differentiator.vhd ;         ;
; control.vhd                      ; yes             ; User VHDL File  ; /home/jordi/Documents/Coding/FPGA/TEI0026_17/2.0.Led_sequencer/control.vhd        ;         ;
; clock_div.vhd                    ; yes             ; User VHDL File  ; /home/jordi/Documents/Coding/FPGA/TEI0026_17/2.0.Led_sequencer/clock_div.vhd      ;         ;
+----------------------------------+-----------------+-----------------+-----------------------------------------------------------------------------------+---------+


+-----------------------------------------------------------+
; Analysis & Synthesis Resource Usage Summary               ;
+---------------------------------------------+-------------+
; Resource                                    ; Usage       ;
+---------------------------------------------+-------------+
; Estimated Total logic elements              ; 249         ;
;                                             ;             ;
; Total combinational functions               ; 238         ;
; Logic element usage by number of LUT inputs ;             ;
;     -- 4 input functions                    ; 78          ;
;     -- 3 input functions                    ; 63          ;
;     -- <=2 input functions                  ; 97          ;
;                                             ;             ;
; Logic elements by mode                      ;             ;
;     -- normal mode                          ; 160         ;
;     -- arithmetic mode                      ; 78          ;
;                                             ;             ;
; Total registers                             ; 105         ;
;     -- Dedicated logic registers            ; 105         ;
;     -- I/O registers                        ; 0           ;
;                                             ;             ;
; I/O pins                                    ; 10          ;
;                                             ;             ;
; Embedded Multiplier 9-bit elements          ; 0           ;
;                                             ;             ;
; Maximum fan-out node                        ; CLK_X~input ;
; Maximum fan-out                             ; 100         ;
; Total fan-out                               ; 981         ;
; Average fan-out                             ; 2.70        ;
+---------------------------------------------+-------------+


+---------------------------------------------------------------------------------------------------------------------------------------------------------------------------------------------------------------------------------------------+
; Analysis & Synthesis Resource Utilization by Entity                                                                                                                                                                                         ;
+----------------------------+---------------------+---------------------------+-------------+------------+--------------+---------+-----------+------+--------------+------------+---------------------------+----------------+--------------+
; Compilation Hierarchy Node ; Combinational ALUTs ; Dedicated Logic Registers ; Memory Bits ; UFM Blocks ; DSP Elements ; DSP 9x9 ; DSP 18x18 ; Pins ; Virtual Pins ; ADC blocks ; Full Hierarchy Name       ; Entity Name    ; Library Name ;
+----------------------------+---------------------+---------------------------+-------------+------------+--------------+---------+-----------+------+--------------+------------+---------------------------+----------------+--------------+
; |top                       ; 238 (16)            ; 105 (0)                   ; 0           ; 0          ; 0            ; 0       ; 0         ; 10   ; 0            ; 0          ; |top                      ; top            ; work         ;
;    |S1:LED_S1|             ; 11 (11)             ; 4 (4)                     ; 0           ; 0          ; 0            ; 0       ; 0         ; 0    ; 0            ; 0          ; |top|S1:LED_S1            ; S1             ; work         ;
;    |S2:LED_S2|             ; 9 (9)               ; 8 (8)                     ; 0           ; 0          ; 0            ; 0       ; 0         ; 0    ; 0            ; 0          ; |top|S2:LED_S2            ; S2             ; work         ;
;    |S3:LED_S3|             ; 46 (46)             ; 11 (11)                   ; 0           ; 0          ; 0            ; 0       ; 0         ; 0    ; 0            ; 0          ; |top|S3:LED_S3            ; S3             ; work         ;
;    |S4:LED_S4|             ; 47 (47)             ; 24 (24)                   ; 0           ; 0          ; 0            ; 0       ; 0         ; 0    ; 0            ; 0          ; |top|S4:LED_S4            ; S4             ; work         ;
;    |clock_div:C0|          ; 38 (38)             ; 20 (20)                   ; 0           ; 0          ; 0            ; 0       ; 0         ; 0    ; 0            ; 0          ; |top|clock_div:C0         ; clock_div      ; work         ;
;    |clock_div:C1|          ; 29 (29)             ; 14 (14)                   ; 0           ; 0          ; 0            ; 0       ; 0         ; 0    ; 0            ; 0          ; |top|clock_div:C1         ; clock_div      ; work         ;
;    |control:Control0|      ; 3 (3)               ; 5 (5)                     ; 0           ; 0          ; 0            ; 0       ; 0         ; 0    ; 0            ; 0          ; |top|control:Control0     ; control        ; work         ;
;    |differentiator:DIFF0|  ; 1 (1)               ; 1 (1)                     ; 0           ; 0          ; 0            ; 0       ; 0         ; 0    ; 0            ; 0          ; |top|differentiator:DIFF0 ; differentiator ; work         ;
;    |differentiator:DIFF1|  ; 1 (1)               ; 1 (1)                     ; 0           ; 0          ; 0            ; 0       ; 0         ; 0    ; 0            ; 0          ; |top|differentiator:DIFF1 ; differentiator ; work         ;
;    |pwm_gen:PWM_GEN0|      ; 8 (8)               ; 16 (16)                   ; 0           ; 0          ; 0            ; 0       ; 0         ; 0    ; 0            ; 0          ; |top|pwm_gen:PWM_GEN0     ; pwm_gen        ; work         ;
;    |pwm_gen:PWM_GEN1|      ; 29 (29)             ; 1 (1)                     ; 0           ; 0          ; 0            ; 0       ; 0         ; 0    ; 0            ; 0          ; |top|pwm_gen:PWM_GEN1     ; pwm_gen        ; work         ;
+----------------------------+---------------------+---------------------------+-------------+------------+--------------+---------+-----------+------+--------------+------------+---------------------------+----------------+--------------+
Note: For table entries with two numbers listed, the numbers in parentheses indicate the number of resources of the given type used by the specific entity alone. The numbers listed outside of parentheses indicate the total resources of the given type used by the specific entity and all of its sub-entities in the hierarchy.


Encoding Type:  One-Hot
+------------------------------------------------------------------------------------------------------+
; State Machine - |top|S3:LED_S3|cs                                                                    ;
+----------+--------+-------+-------+-------+-------+-------+-------+-------+-------+-------+----------+
; Name     ; cs.f10 ; cs.f9 ; cs.f8 ; cs.f7 ; cs.f6 ; cs.f5 ; cs.f4 ; cs.f3 ; cs.f2 ; cs.f1 ; cs.start ;
+----------+--------+-------+-------+-------+-------+-------+-------+-------+-------+-------+----------+
; cs.start ; 0      ; 0     ; 0     ; 0     ; 0     ; 0     ; 0     ; 0     ; 0     ; 0     ; 0        ;
; cs.f1    ; 0      ; 0     ; 0     ; 0     ; 0     ; 0     ; 0     ; 0     ; 0     ; 1     ; 1        ;
; cs.f2    ; 0      ; 0     ; 0     ; 0     ; 0     ; 0     ; 0     ; 0     ; 1     ; 0     ; 1        ;
; cs.f3    ; 0      ; 0     ; 0     ; 0     ; 0     ; 0     ; 0     ; 1     ; 0     ; 0     ; 1        ;
; cs.f4    ; 0      ; 0     ; 0     ; 0     ; 0     ; 0     ; 1     ; 0     ; 0     ; 0     ; 1        ;
; cs.f5    ; 0      ; 0     ; 0     ; 0     ; 0     ; 1     ; 0     ; 0     ; 0     ; 0     ; 1        ;
; cs.f6    ; 0      ; 0     ; 0     ; 0     ; 1     ; 0     ; 0     ; 0     ; 0     ; 0     ; 1        ;
; cs.f7    ; 0      ; 0     ; 0     ; 1     ; 0     ; 0     ; 0     ; 0     ; 0     ; 0     ; 1        ;
; cs.f8    ; 0      ; 0     ; 1     ; 0     ; 0     ; 0     ; 0     ; 0     ; 0     ; 0     ; 1        ;
; cs.f9    ; 0      ; 1     ; 0     ; 0     ; 0     ; 0     ; 0     ; 0     ; 0     ; 0     ; 1        ;
; cs.f10   ; 1      ; 0     ; 0     ; 0     ; 0     ; 0     ; 0     ; 0     ; 0     ; 0     ; 1        ;
+----------+--------+-------+-------+-------+-------+-------+-------+-------+-------+-------+----------+


+----------------------------------------------------------------------------------------------------+
; User-Specified and Inferred Latches                                                                ;
+-----------------------------------------------------+---------------------+------------------------+
; Latch Name                                          ; Latch Enable Signal ; Free of Timing Hazards ;
+-----------------------------------------------------+---------------------+------------------------+
; S3:LED_S3|LED[0]                                    ; S2:LED_S2|Equal0    ; yes                    ;
; S3:LED_S3|LED[1]                                    ; S2:LED_S2|Equal0    ; yes                    ;
; S3:LED_S3|LED[2]                                    ; S2:LED_S2|Equal0    ; yes                    ;
; S3:LED_S3|LED[3]                                    ; S2:LED_S2|Equal0    ; yes                    ;
; S3:LED_S3|LED[4]                                    ; S2:LED_S2|Equal0    ; yes                    ;
; S3:LED_S3|LED[5]                                    ; S2:LED_S2|Equal0    ; yes                    ;
; S3:LED_S3|LED[6]                                    ; S2:LED_S2|Equal0    ; yes                    ;
; S3:LED_S3|LED[7]                                    ; S2:LED_S2|Equal0    ; yes                    ;
; S3:LED_S3|dir                                       ; GND                 ; yes                    ;
; S2:LED_S2|dummy                                     ; GND                 ; yes                    ;
; S3:LED_S3|ns.f1_383                                 ; S3:LED_S3|ns.f1     ; yes                    ;
; S3:LED_S3|ns.f3_361                                 ; S3:LED_S3|ns.f1     ; yes                    ;
; S3:LED_S3|ns.f2_372                                 ; S3:LED_S3|ns.f1     ; yes                    ;
; S3:LED_S3|ns.f4_350                                 ; S3:LED_S3|ns.f1     ; yes                    ;
; S3:LED_S3|ns.f5_339                                 ; S3:LED_S3|ns.f1     ; yes                    ;
; S3:LED_S3|ns.f6_328                                 ; S3:LED_S3|ns.f1     ; yes                    ;
; S3:LED_S3|ns.f7_317                                 ; S3:LED_S3|ns.f1     ; yes                    ;
; S3:LED_S3|ns.f8_306                                 ; S3:LED_S3|ns.f1     ; yes                    ;
; S3:LED_S3|ns.f9_295                                 ; S3:LED_S3|ns.f1     ; yes                    ;
; S3:LED_S3|ns.f10_284                                ; S3:LED_S3|ns.f1     ; yes                    ;
; Number of user-specified and inferred latches = 20  ;                     ;                        ;
+-----------------------------------------------------+---------------------+------------------------+
Note: All latches listed above may not be present at the end of synthesis due to various synthesis optimizations.


+---------------------------------------------------------------------------------+
; Registers Removed During Synthesis                                              ;
+----------------------------------------+----------------------------------------+
; Register name                          ; Reason for Removal                     ;
+----------------------------------------+----------------------------------------+
; pwm_gen:PWM_GEN1|count[16]             ; Merged with pwm_gen:PWM_GEN0|count[16] ;
; pwm_gen:PWM_GEN1|count[15]             ; Merged with pwm_gen:PWM_GEN0|count[15] ;
; pwm_gen:PWM_GEN1|count[14]             ; Merged with pwm_gen:PWM_GEN0|count[14] ;
; pwm_gen:PWM_GEN1|count[13]             ; Merged with pwm_gen:PWM_GEN0|count[13] ;
; pwm_gen:PWM_GEN1|count[12]             ; Merged with pwm_gen:PWM_GEN0|count[12] ;
; pwm_gen:PWM_GEN1|count[11]             ; Merged with pwm_gen:PWM_GEN0|count[11] ;
; pwm_gen:PWM_GEN1|count[10]             ; Merged with pwm_gen:PWM_GEN0|count[10] ;
; pwm_gen:PWM_GEN1|count[9]              ; Merged with pwm_gen:PWM_GEN0|count[9]  ;
; pwm_gen:PWM_GEN1|count[8]              ; Merged with pwm_gen:PWM_GEN0|count[8]  ;
; pwm_gen:PWM_GEN1|count[7]              ; Merged with pwm_gen:PWM_GEN0|count[7]  ;
; pwm_gen:PWM_GEN1|count[6]              ; Merged with pwm_gen:PWM_GEN0|count[6]  ;
; pwm_gen:PWM_GEN1|count[5]              ; Merged with pwm_gen:PWM_GEN0|count[5]  ;
; pwm_gen:PWM_GEN1|count[4]              ; Merged with pwm_gen:PWM_GEN0|count[4]  ;
; pwm_gen:PWM_GEN1|count[3]              ; Merged with pwm_gen:PWM_GEN0|count[3]  ;
; pwm_gen:PWM_GEN1|count[2]              ; Merged with pwm_gen:PWM_GEN0|count[2]  ;
; pwm_gen:PWM_GEN1|count[1]              ; Merged with pwm_gen:PWM_GEN0|count[1]  ;
; pwm_gen:PWM_GEN1|count[0]              ; Merged with pwm_gen:PWM_GEN0|count[0]  ;
; pwm_gen:PWM_GEN0|count[0]              ; Merged with clock_div:C0|cnt[0]        ;
; pwm_gen:PWM_GEN0|count[1]              ; Merged with clock_div:C0|cnt[1]        ;
; Total Number of Removed Registers = 19 ;                                        ;
+----------------------------------------+----------------------------------------+


+------------------------------------------------------+
; General Register Statistics                          ;
+----------------------------------------------+-------+
; Statistic                                    ; Value ;
+----------------------------------------------+-------+
; Total registers                              ; 105   ;
; Number of registers using Synchronous Clear  ; 11    ;
; Number of registers using Synchronous Load   ; 0     ;
; Number of registers using Asynchronous Clear ; 23    ;
; Number of registers using Asynchronous Load  ; 0     ;
; Number of registers using Clock Enable       ; 30    ;
; Number of registers using Preset             ; 0     ;
+----------------------------------------------+-------+


+--------------------------------------------------------------------------------------------------------------------------------------------+
; Multiplexer Restructuring Statistics (Restructuring Performed)                                                                             ;
+--------------------+-----------+---------------+----------------------+------------------------+------------+------------------------------+
; Multiplexer Inputs ; Bus Width ; Baseline Area ; Area if Restructured ; Saving if Restructured ; Registered ; Example Multiplexer Output   ;
+--------------------+-----------+---------------+----------------------+------------------------+------------+------------------------------+
; 3:1                ; 11 bits   ; 22 LEs        ; 11 LEs               ; 11 LEs                 ; Yes        ; |top|S4:LED_S4|duty_cycle[6] ;
; 4:1                ; 8 bits    ; 16 LEs        ; 16 LEs               ; 0 LEs                  ; No         ; |top|Mux0                    ;
+--------------------+-----------+---------------+----------------------+------------------------+------------+------------------------------+


+-----------------------------------------------------------+
; Parameter Settings for User Entity Instance: clock_div:C0 ;
+----------------+---------+--------------------------------+
; Parameter Name ; Value   ; Type                           ;
+----------------+---------+--------------------------------+
; count_max      ; 1000000 ; Signed Integer                 ;
+----------------+---------+--------------------------------+
Note: In order to hide this table in the UI and the text report file, please set the "Show Parameter Settings in Synthesis Report" option in "Analysis and Synthesis Settings -> More Settings" to "Off".


+-----------------------------------------------------------+
; Parameter Settings for User Entity Instance: clock_div:C1 ;
+----------------+-------+----------------------------------+
; Parameter Name ; Value ; Type                             ;
+----------------+-------+----------------------------------+
; count_max      ; 12000 ; Signed Integer                   ;
+----------------+-------+----------------------------------+
Note: In order to hide this table in the UI and the text report file, please set the "Show Parameter Settings in Synthesis Report" option in "Analysis and Synthesis Settings -> More Settings" to "Off".


+--------------------------------------------------------+
; Parameter Settings for User Entity Instance: S4:LED_S4 ;
+----------------+-------+-------------------------------+
; Parameter Name ; Value ; Type                          ;
+----------------+-------+-------------------------------+
; n              ; 11    ; Signed Integer                ;
+----------------+-------+-------------------------------+
Note: In order to hide this table in the UI and the text report file, please set the "Show Parameter Settings in Synthesis Report" option in "Analysis and Synthesis Settings -> More Settings" to "Off".


+---------------------------------------------------------------+
; Parameter Settings for User Entity Instance: pwm_gen:PWM_GEN0 ;
+----------------+--------+-------------------------------------+
; Parameter Name ; Value  ; Type                                ;
+----------------+--------+-------------------------------------+
; duty_cycle     ; 70000  ; Signed Integer                      ;
; count_max      ; 100000 ; Signed Integer                      ;
+----------------+--------+-------------------------------------+
Note: In order to hide this table in the UI and the text report file, please set the "Show Parameter Settings in Synthesis Report" option in "Analysis and Synthesis Settings -> More Settings" to "Off".


+---------------------------------------------------------------+
; Parameter Settings for User Entity Instance: pwm_gen:PWM_GEN1 ;
+----------------+--------+-------------------------------------+
; Parameter Name ; Value  ; Type                                ;
+----------------+--------+-------------------------------------+
; duty_cycle     ; 95000  ; Signed Integer                      ;
; count_max      ; 100000 ; Signed Integer                      ;
+----------------+--------+-------------------------------------+
Note: In order to hide this table in the UI and the text report file, please set the "Show Parameter Settings in Synthesis Report" option in "Analysis and Synthesis Settings -> More Settings" to "Off".


+----------------------------------------------+
; Port Connectivity Checks: "pwm_gen:PWM_GEN1" ;
+---------+-------+----------+-----------------+
; Port    ; Type  ; Severity ; Details         ;
+---------+-------+----------+-----------------+
; reset_n ; Input ; Info     ; Stuck at VCC    ;
+---------+-------+----------+-----------------+


+----------------------------------------------+
; Port Connectivity Checks: "pwm_gen:PWM_GEN0" ;
+---------+-------+----------+-----------------+
; Port    ; Type  ; Severity ; Details         ;
+---------+-------+----------+-----------------+
; reset_n ; Input ; Info     ; Stuck at VCC    ;
+---------+-------+----------+-----------------+


+-------------------------------------------+
; Port Connectivity Checks: "S4:LED_S4"     ;
+---------+-------+----------+--------------+
; Port    ; Type  ; Severity ; Details      ;
+---------+-------+----------+--------------+
; reset_n ; Input ; Info     ; Stuck at VCC ;
+---------+-------+----------+--------------+


+-------------------------------------------+
; Port Connectivity Checks: "S3:LED_S3"     ;
+---------+-------+----------+--------------+
; Port    ; Type  ; Severity ; Details      ;
+---------+-------+----------+--------------+
; reset_n ; Input ; Info     ; Stuck at VCC ;
+---------+-------+----------+--------------+


+-------------------------------------------+
; Port Connectivity Checks: "S2:LED_S2"     ;
+---------+-------+----------+--------------+
; Port    ; Type  ; Severity ; Details      ;
+---------+-------+----------+--------------+
; reset_n ; Input ; Info     ; Stuck at VCC ;
+---------+-------+----------+--------------+


+-------------------------------------------+
; Port Connectivity Checks: "S1:LED_S1"     ;
+---------+-------+----------+--------------+
; Port    ; Type  ; Severity ; Details      ;
+---------+-------+----------+--------------+
; reset_n ; Input ; Info     ; Stuck at VCC ;
+---------+-------+----------+--------------+


+----------------------------------------------+
; Port Connectivity Checks: "control:Control0" ;
+---------+-------+----------+-----------------+
; Port    ; Type  ; Severity ; Details         ;
+---------+-------+----------+-----------------+
; reset_n ; Input ; Info     ; Stuck at VCC    ;
+---------+-------+----------+-----------------+


+--------------------------------------------------+
; Port Connectivity Checks: "differentiator:DIFF1" ;
+---------+-------+----------+---------------------+
; Port    ; Type  ; Severity ; Details             ;
+---------+-------+----------+---------------------+
; reset_n ; Input ; Info     ; Stuck at VCC        ;
+---------+-------+----------+---------------------+


+--------------------------------------------------+
; Port Connectivity Checks: "differentiator:DIFF0" ;
+---------+-------+----------+---------------------+
; Port    ; Type  ; Severity ; Details             ;
+---------+-------+----------+---------------------+
; reset_n ; Input ; Info     ; Stuck at VCC        ;
+---------+-------+----------+---------------------+


+------------------------------------------+
; Port Connectivity Checks: "clock_div:C1" ;
+-------+-------+----------+---------------+
; Port  ; Type  ; Severity ; Details       ;
+-------+-------+----------+---------------+
; reset ; Input ; Info     ; Stuck at VCC  ;
+-------+-------+----------+---------------+


+------------------------------------------+
; Port Connectivity Checks: "clock_div:C0" ;
+-------+-------+----------+---------------+
; Port  ; Type  ; Severity ; Details       ;
+-------+-------+----------+---------------+
; reset ; Input ; Info     ; Stuck at VCC  ;
+-------+-------+----------+---------------+


+-----------------------------------------------------+
; Post-Synthesis Netlist Statistics for Top Partition ;
+-----------------------+-----------------------------+
; Type                  ; Count                       ;
+-----------------------+-----------------------------+
; boundary_port         ; 10                          ;
; cycloneiii_ff         ; 105                         ;
;     CLR               ; 4                           ;
;     ENA               ; 11                          ;
;     ENA CLR           ; 19                          ;
;     SCLR              ; 11                          ;
;     plain             ; 60                          ;
; cycloneiii_lcell_comb ; 238                         ;
;     arith             ; 78                          ;
;         2 data inputs ; 59                          ;
;         3 data inputs ; 19                          ;
;     normal            ; 160                         ;
;         1 data inputs ; 5                           ;
;         2 data inputs ; 33                          ;
;         3 data inputs ; 44                          ;
;         4 data inputs ; 78                          ;
;                       ;                             ;
; Max LUT depth         ; 6.10                        ;
; Average LUT depth     ; 3.27                        ;
+-----------------------+-----------------------------+


+-------------------------------+
; Elapsed Time Per Partition    ;
+----------------+--------------+
; Partition Name ; Elapsed Time ;
+----------------+--------------+
; Top            ; 00:00:01     ;
+----------------+--------------+


+-------------------------------+
; Analysis & Synthesis Messages ;
+-------------------------------+
Info: *******************************************************************
Info: Running Quartus Prime Analysis & Synthesis
    Info: Version 17.1.0 Build 590 10/25/2017 SJ Lite Edition
    Info: Processing started: Mon Jan 24 23:37:07 2022
Info: Command: quartus_map --read_settings_files=on --write_settings_files=off LED_Sequencer_TEI0026 -c LED_Sequencer_TEI0026
Warning (18236): Number of processors has not been specified which may cause overloading on shared machines.  Set the global assignment NUM_PARALLEL_PROCESSORS in your QSF to an appropriate value for best performance.
Info (20032): Parallel compilation is enabled and will use up to 2 processors
Info (12021): Found 2 design units, including 1 entities, in source file top.vhd
    Info (12022): Found design unit 1: top-rtl File: /home/jordi/Documents/Coding/FPGA/TEI0026_17/2.0.Led_sequencer/top.vhd Line: 21
    Info (12023): Found entity 1: top File: /home/jordi/Documents/Coding/FPGA/TEI0026_17/2.0.Led_sequencer/top.vhd Line: 13
Info (12021): Found 2 design units, including 1 entities, in source file S4.vhd
    Info (12022): Found design unit 1: S4-rtl File: /home/jordi/Documents/Coding/FPGA/TEI0026_17/2.0.Led_sequencer/S4.vhd Line: 17
    Info (12023): Found entity 1: S4 File: /home/jordi/Documents/Coding/FPGA/TEI0026_17/2.0.Led_sequencer/S4.vhd Line: 7
Info (12021): Found 2 design units, including 1 entities, in source file S3.vhd
    Info (12022): Found design unit 1: S3-rtl File: /home/jordi/Documents/Coding/FPGA/TEI0026_17/2.0.Led_sequencer/S3.vhd Line: 19
    Info (12023): Found entity 1: S3 File: /home/jordi/Documents/Coding/FPGA/TEI0026_17/2.0.Led_sequencer/S3.vhd Line: 8
Info (12021): Found 2 design units, including 1 entities, in source file S2.vhd
    Info (12022): Found design unit 1: S2-rtl File: /home/jordi/Documents/Coding/FPGA/TEI0026_17/2.0.Led_sequencer/S2.vhd Line: 16
    Info (12023): Found entity 1: S2 File: /home/jordi/Documents/Coding/FPGA/TEI0026_17/2.0.Led_sequencer/S2.vhd Line: 7
Info (12021): Found 2 design units, including 1 entities, in source file S1.vhd
    Info (12022): Found design unit 1: S1-rtl File: /home/jordi/Documents/Coding/FPGA/TEI0026_17/2.0.Led_sequencer/S1.vhd Line: 16
    Info (12023): Found entity 1: S1 File: /home/jordi/Documents/Coding/FPGA/TEI0026_17/2.0.Led_sequencer/S1.vhd Line: 7
Info (12021): Found 2 design units, including 1 entities, in source file pwm_gen.vhd
    Info (12022): Found design unit 1: pwm_gen-rtl File: /home/jordi/Documents/Coding/FPGA/TEI0026_17/2.0.Led_sequencer/pwm_gen.vhd Line: 15
    Info (12023): Found entity 1: pwm_gen File: /home/jordi/Documents/Coding/FPGA/TEI0026_17/2.0.Led_sequencer/pwm_gen.vhd Line: 6
Info (12021): Found 2 design units, including 1 entities, in source file differentiator.vhd
    Info (12022): Found design unit 1: differentiator-rtl File: /home/jordi/Documents/Coding/FPGA/TEI0026_17/2.0.Led_sequencer/differentiator.vhd Line: 16
    Info (12023): Found entity 1: differentiator File: /home/jordi/Documents/Coding/FPGA/TEI0026_17/2.0.Led_sequencer/differentiator.vhd Line: 8
Info (12021): Found 2 design units, including 1 entities, in source file control.vhd
    Info (12022): Found design unit 1: control-rtl File: /home/jordi/Documents/Coding/FPGA/TEI0026_17/2.0.Led_sequencer/control.vhd Line: 15
    Info (12023): Found entity 1: control File: /home/jordi/Documents/Coding/FPGA/TEI0026_17/2.0.Led_sequencer/control.vhd Line: 7
Info (12021): Found 2 design units, including 1 entities, in source file clock_div.vhd
    Info (12022): Found design unit 1: clock_div-behavior File: /home/jordi/Documents/Coding/FPGA/TEI0026_17/2.0.Led_sequencer/clock_div.vhd Line: 16
    Info (12023): Found entity 1: clock_div File: /home/jordi/Documents/Coding/FPGA/TEI0026_17/2.0.Led_sequencer/clock_div.vhd Line: 8
Info (12127): Elaborating entity "top" for the top level hierarchy
Warning (10492): VHDL Process Statement warning at top.vhd(133): signal "temp_LED1" is read inside the Process Statement but isn't in the Process Statement's sensitivity list File: /home/jordi/Documents/Coding/FPGA/TEI0026_17/2.0.Led_sequencer/top.vhd Line: 133
Warning (10492): VHDL Process Statement warning at top.vhd(134): signal "temp_LED2" is read inside the Process Statement but isn't in the Process Statement's sensitivity list File: /home/jordi/Documents/Coding/FPGA/TEI0026_17/2.0.Led_sequencer/top.vhd Line: 134
Warning (10492): VHDL Process Statement warning at top.vhd(135): signal "temp_LED3" is read inside the Process Statement but isn't in the Process Statement's sensitivity list File: /home/jordi/Documents/Coding/FPGA/TEI0026_17/2.0.Led_sequencer/top.vhd Line: 135
Warning (10492): VHDL Process Statement warning at top.vhd(136): signal "temp_LED4" is read inside the Process Statement but isn't in the Process Statement's sensitivity list File: /home/jordi/Documents/Coding/FPGA/TEI0026_17/2.0.Led_sequencer/top.vhd Line: 136
Info (12128): Elaborating entity "clock_div" for hierarchy "clock_div:C0" File: /home/jordi/Documents/Coding/FPGA/TEI0026_17/2.0.Led_sequencer/top.vhd Line: 114
Info (12128): Elaborating entity "clock_div" for hierarchy "clock_div:C1" File: /home/jordi/Documents/Coding/FPGA/TEI0026_17/2.0.Led_sequencer/top.vhd Line: 115
Info (12128): Elaborating entity "differentiator" for hierarchy "differentiator:DIFF0" File: /home/jordi/Documents/Coding/FPGA/TEI0026_17/2.0.Led_sequencer/top.vhd Line: 116
Info (12128): Elaborating entity "control" for hierarchy "control:Control0" File: /home/jordi/Documents/Coding/FPGA/TEI0026_17/2.0.Led_sequencer/top.vhd Line: 118
Info (12128): Elaborating entity "S1" for hierarchy "S1:LED_S1" File: /home/jordi/Documents/Coding/FPGA/TEI0026_17/2.0.Led_sequencer/top.vhd Line: 119
Warning (10492): VHDL Process Statement warning at S1.vhd(24): signal "mode" is read inside the Process Statement but isn't in the Process Statement's sensitivity list File: /home/jordi/Documents/Coding/FPGA/TEI0026_17/2.0.Led_sequencer/S1.vhd Line: 24
Info (12128): Elaborating entity "S2" for hierarchy "S2:LED_S2" File: /home/jordi/Documents/Coding/FPGA/TEI0026_17/2.0.Led_sequencer/top.vhd Line: 120
Warning (10492): VHDL Process Statement warning at S2.vhd(29): signal "reset_n" is read inside the Process Statement but isn't in the Process Statement's sensitivity list File: /home/jordi/Documents/Coding/FPGA/TEI0026_17/2.0.Led_sequencer/S2.vhd Line: 29
Warning (10492): VHDL Process Statement warning at S2.vhd(29): signal "mode" is read inside the Process Statement but isn't in the Process Statement's sensitivity list File: /home/jordi/Documents/Coding/FPGA/TEI0026_17/2.0.Led_sequencer/S2.vhd Line: 29
Warning (10492): VHDL Process Statement warning at S2.vhd(31): signal "clock" is read inside the Process Statement but isn't in the Process Statement's sensitivity list File: /home/jordi/Documents/Coding/FPGA/TEI0026_17/2.0.Led_sequencer/S2.vhd Line: 31
Info (10041): Inferred latch for "dummy" at S2.vhd(46) File: /home/jordi/Documents/Coding/FPGA/TEI0026_17/2.0.Led_sequencer/S2.vhd Line: 46
Info (12128): Elaborating entity "S3" for hierarchy "S3:LED_S3" File: /home/jordi/Documents/Coding/FPGA/TEI0026_17/2.0.Led_sequencer/top.vhd Line: 121
Warning (10492): VHDL Process Statement warning at S3.vhd(30): signal "mode" is read inside the Process Statement but isn't in the Process Statement's sensitivity list File: /home/jordi/Documents/Coding/FPGA/TEI0026_17/2.0.Led_sequencer/S3.vhd Line: 30
Warning (10492): VHDL Process Statement warning at S3.vhd(50): signal "mode" is read inside the Process Statement but isn't in the Process Statement's sensitivity list File: /home/jordi/Documents/Coding/FPGA/TEI0026_17/2.0.Led_sequencer/S3.vhd Line: 50
Warning (10631): VHDL Process Statement warning at S3.vhd(47): inferring latch(es) for signal or variable "ns", which holds its previous value in one or more paths through the process File: /home/jordi/Documents/Coding/FPGA/TEI0026_17/2.0.Led_sequencer/S3.vhd Line: 47
Warning (10631): VHDL Process Statement warning at S3.vhd(47): inferring latch(es) for signal or variable "LED", which holds its previous value in one or more paths through the process File: /home/jordi/Documents/Coding/FPGA/TEI0026_17/2.0.Led_sequencer/S3.vhd Line: 47
Info (10041): Inferred latch for "LED[0]" at S3.vhd(47) File: /home/jordi/Documents/Coding/FPGA/TEI0026_17/2.0.Led_sequencer/S3.vhd Line: 47
Info (10041): Inferred latch for "LED[1]" at S3.vhd(47) File: /home/jordi/Documents/Coding/FPGA/TEI0026_17/2.0.Led_sequencer/S3.vhd Line: 47
Info (10041): Inferred latch for "LED[2]" at S3.vhd(47) File: /home/jordi/Documents/Coding/FPGA/TEI0026_17/2.0.Led_sequencer/S3.vhd Line: 47
Info (10041): Inferred latch for "LED[3]" at S3.vhd(47) File: /home/jordi/Documents/Coding/FPGA/TEI0026_17/2.0.Led_sequencer/S3.vhd Line: 47
Info (10041): Inferred latch for "LED[4]" at S3.vhd(47) File: /home/jordi/Documents/Coding/FPGA/TEI0026_17/2.0.Led_sequencer/S3.vhd Line: 47
Info (10041): Inferred latch for "LED[5]" at S3.vhd(47) File: /home/jordi/Documents/Coding/FPGA/TEI0026_17/2.0.Led_sequencer/S3.vhd Line: 47
Info (10041): Inferred latch for "LED[6]" at S3.vhd(47) File: /home/jordi/Documents/Coding/FPGA/TEI0026_17/2.0.Led_sequencer/S3.vhd Line: 47
Info (10041): Inferred latch for "LED[7]" at S3.vhd(47) File: /home/jordi/Documents/Coding/FPGA/TEI0026_17/2.0.Led_sequencer/S3.vhd Line: 47
Info (10041): Inferred latch for "ns.f10" at S3.vhd(47) File: /home/jordi/Documents/Coding/FPGA/TEI0026_17/2.0.Led_sequencer/S3.vhd Line: 47
Info (10041): Inferred latch for "ns.f9" at S3.vhd(47) File: /home/jordi/Documents/Coding/FPGA/TEI0026_17/2.0.Led_sequencer/S3.vhd Line: 47
Info (10041): Inferred latch for "ns.f8" at S3.vhd(47) File: /home/jordi/Documents/Coding/FPGA/TEI0026_17/2.0.Led_sequencer/S3.vhd Line: 47
Info (10041): Inferred latch for "ns.f7" at S3.vhd(47) File: /home/jordi/Documents/Coding/FPGA/TEI0026_17/2.0.Led_sequencer/S3.vhd Line: 47
Info (10041): Inferred latch for "ns.f6" at S3.vhd(47) File: /home/jordi/Documents/Coding/FPGA/TEI0026_17/2.0.Led_sequencer/S3.vhd Line: 47
Info (10041): Inferred latch for "ns.f5" at S3.vhd(47) File: /home/jordi/Documents/Coding/FPGA/TEI0026_17/2.0.Led_sequencer/S3.vhd Line: 47
Info (10041): Inferred latch for "ns.f4" at S3.vhd(47) File: /home/jordi/Documents/Coding/FPGA/TEI0026_17/2.0.Led_sequencer/S3.vhd Line: 47
Info (10041): Inferred latch for "ns.f3" at S3.vhd(47) File: /home/jordi/Documents/Coding/FPGA/TEI0026_17/2.0.Led_sequencer/S3.vhd Line: 47
Info (10041): Inferred latch for "ns.f2" at S3.vhd(47) File: /home/jordi/Documents/Coding/FPGA/TEI0026_17/2.0.Led_sequencer/S3.vhd Line: 47
Info (10041): Inferred latch for "ns.f1" at S3.vhd(47) File: /home/jordi/Documents/Coding/FPGA/TEI0026_17/2.0.Led_sequencer/S3.vhd Line: 47
Info (10041): Inferred latch for "ns.start" at S3.vhd(47) File: /home/jordi/Documents/Coding/FPGA/TEI0026_17/2.0.Led_sequencer/S3.vhd Line: 47
Info (10041): Inferred latch for "dir" at S3.vhd(41) File: /home/jordi/Documents/Coding/FPGA/TEI0026_17/2.0.Led_sequencer/S3.vhd Line: 41
Info (12128): Elaborating entity "S4" for hierarchy "S4:LED_S4" File: /home/jordi/Documents/Coding/FPGA/TEI0026_17/2.0.Led_sequencer/top.vhd Line: 122
Info (12128): Elaborating entity "pwm_gen" for hierarchy "pwm_gen:PWM_GEN0" File: /home/jordi/Documents/Coding/FPGA/TEI0026_17/2.0.Led_sequencer/top.vhd Line: 123
Info (12128): Elaborating entity "pwm_gen" for hierarchy "pwm_gen:PWM_GEN1" File: /home/jordi/Documents/Coding/FPGA/TEI0026_17/2.0.Led_sequencer/top.vhd Line: 124
Warning (13012): Latch S3:LED_S3|ns.f1_383 has unsafe behavior File: /home/jordi/Documents/Coding/FPGA/TEI0026_17/2.0.Led_sequencer/S3.vhd Line: 47
    Warning (13013): Ports D and ENA on the latch are fed by the same signal S3:LED_S3|dir File: /home/jordi/Documents/Coding/FPGA/TEI0026_17/2.0.Led_sequencer/S3.vhd Line: 23
Warning (13012): Latch S3:LED_S3|ns.f3_361 has unsafe behavior File: /home/jordi/Documents/Coding/FPGA/TEI0026_17/2.0.Led_sequencer/S3.vhd Line: 47
    Warning (13013): Ports D and ENA on the latch are fed by the same signal S3:LED_S3|dir File: /home/jordi/Documents/Coding/FPGA/TEI0026_17/2.0.Led_sequencer/S3.vhd Line: 23
Warning (13012): Latch S3:LED_S3|ns.f2_372 has unsafe behavior File: /home/jordi/Documents/Coding/FPGA/TEI0026_17/2.0.Led_sequencer/S3.vhd Line: 47
    Warning (13013): Ports D and ENA on the latch are fed by the same signal S3:LED_S3|cs.f1 File: /home/jordi/Documents/Coding/FPGA/TEI0026_17/2.0.Led_sequencer/S3.vhd Line: 22
Warning (13012): Latch S3:LED_S3|ns.f4_350 has unsafe behavior File: /home/jordi/Documents/Coding/FPGA/TEI0026_17/2.0.Led_sequencer/S3.vhd Line: 47
    Warning (13013): Ports D and ENA on the latch are fed by the same signal S3:LED_S3|dir File: /home/jordi/Documents/Coding/FPGA/TEI0026_17/2.0.Led_sequencer/S3.vhd Line: 23
Warning (13012): Latch S3:LED_S3|ns.f5_339 has unsafe behavior File: /home/jordi/Documents/Coding/FPGA/TEI0026_17/2.0.Led_sequencer/S3.vhd Line: 47
    Warning (13013): Ports D and ENA on the latch are fed by the same signal S3:LED_S3|dir File: /home/jordi/Documents/Coding/FPGA/TEI0026_17/2.0.Led_sequencer/S3.vhd Line: 23
Warning (13012): Latch S3:LED_S3|ns.f6_328 has unsafe behavior File: /home/jordi/Documents/Coding/FPGA/TEI0026_17/2.0.Led_sequencer/S3.vhd Line: 47
    Warning (13013): Ports D and ENA on the latch are fed by the same signal S3:LED_S3|dir File: /home/jordi/Documents/Coding/FPGA/TEI0026_17/2.0.Led_sequencer/S3.vhd Line: 23
Warning (13012): Latch S3:LED_S3|ns.f7_317 has unsafe behavior File: /home/jordi/Documents/Coding/FPGA/TEI0026_17/2.0.Led_sequencer/S3.vhd Line: 47
    Warning (13013): Ports D and ENA on the latch are fed by the same signal S3:LED_S3|dir File: /home/jordi/Documents/Coding/FPGA/TEI0026_17/2.0.Led_sequencer/S3.vhd Line: 23
Warning (13012): Latch S3:LED_S3|ns.f8_306 has unsafe behavior File: /home/jordi/Documents/Coding/FPGA/TEI0026_17/2.0.Led_sequencer/S3.vhd Line: 47
    Warning (13013): Ports D and ENA on the latch are fed by the same signal S3:LED_S3|dir File: /home/jordi/Documents/Coding/FPGA/TEI0026_17/2.0.Led_sequencer/S3.vhd Line: 23
Warning (13012): Latch S3:LED_S3|ns.f9_295 has unsafe behavior File: /home/jordi/Documents/Coding/FPGA/TEI0026_17/2.0.Led_sequencer/S3.vhd Line: 47
    Warning (13013): Ports D and ENA on the latch are fed by the same signal S3:LED_S3|dir File: /home/jordi/Documents/Coding/FPGA/TEI0026_17/2.0.Led_sequencer/S3.vhd Line: 23
Warning (13012): Latch S3:LED_S3|ns.f10_284 has unsafe behavior File: /home/jordi/Documents/Coding/FPGA/TEI0026_17/2.0.Led_sequencer/S3.vhd Line: 47
    Warning (13013): Ports D and ENA on the latch are fed by the same signal S3:LED_S3|dir File: /home/jordi/Documents/Coding/FPGA/TEI0026_17/2.0.Led_sequencer/S3.vhd Line: 23
Info (286030): Timing-Driven Synthesis is running
Info (16010): Generating hard_block partition "hard_block:auto_generated_inst"
    Info (16011): Adding 0 node(s), including 0 DDIO, 0 PLL, 0 transceiver and 0 LCELL
Info (21057): Implemented 281 device resources after synthesis - the final resource count might be different
    Info (21058): Implemented 2 input pins
    Info (21059): Implemented 8 output pins
    Info (21061): Implemented 271 logic cells
Info: Quartus Prime Analysis & Synthesis was successful. 0 errors, 33 warnings
    Info: Peak virtual memory: 944 megabytes
    Info: Processing ended: Mon Jan 24 23:37:23 2022
    Info: Elapsed time: 00:00:16
    Info: Total CPU time (on all processors): 00:00:35


