Archive member included to satisfy reference by file (symbol)

c:/intelfpga_lite/19.1/nios2eds/bin/gnu/h-x86_64-mingw32/bin/../lib/gcc/nios2-elf/8.3.1/../../../../../H-x86_64-mingw32/nios2-elf/lib/mno-hw-mul\libsmallc.a(lib_a-printf.o)
                              obj/default/main.o (printf)
c:/intelfpga_lite/19.1/nios2eds/bin/gnu/h-x86_64-mingw32/bin/../lib/gcc/nios2-elf/8.3.1/../../../../../H-x86_64-mingw32/nios2-elf/lib/mno-hw-mul\libsmallc.a(lib_a-vfprintf.o)
                              c:/intelfpga_lite/19.1/nios2eds/bin/gnu/h-x86_64-mingw32/bin/../lib/gcc/nios2-elf/8.3.1/../../../../../H-x86_64-mingw32/nios2-elf/lib/mno-hw-mul\libsmallc.a(lib_a-printf.o) (___vfprintf_internal_r)
c:/intelfpga_lite/19.1/nios2eds/bin/gnu/h-x86_64-mingw32/bin/../lib/gcc/nios2-elf/8.3.1/../../../../../H-x86_64-mingw32/nios2-elf/lib/mno-hw-mul\libsmallc.a(lib_a-fvwrite_small_dev.o)
                              c:/intelfpga_lite/19.1/nios2eds/bin/gnu/h-x86_64-mingw32/bin/../lib/gcc/nios2-elf/8.3.1/../../../../../H-x86_64-mingw32/nios2-elf/lib/mno-hw-mul\libsmallc.a(lib_a-printf.o) (__sfvwrite_small_dev)
c:/intelfpga_lite/19.1/nios2eds/bin/gnu/h-x86_64-mingw32/bin/../lib/gcc/nios2-elf/8.3.1/../../../../../H-x86_64-mingw32/nios2-elf/lib/mno-hw-mul\libsmallc.a(lib_a-impure.o)
                              c:/intelfpga_lite/19.1/nios2eds/bin/gnu/h-x86_64-mingw32/bin/../lib/gcc/nios2-elf/8.3.1/../../../../../H-x86_64-mingw32/nios2-elf/lib/mno-hw-mul\libsmallc.a(lib_a-printf.o) (_impure_ptr)
c:/intelfpga_lite/19.1/nios2eds/bin/gnu/h-x86_64-mingw32/bin/../lib/gcc/nios2-elf/8.3.1/../../../../../H-x86_64-mingw32/nios2-elf/lib/mno-hw-mul\libsmallc.a(lib_a-strlen.o)
                              c:/intelfpga_lite/19.1/nios2eds/bin/gnu/h-x86_64-mingw32/bin/../lib/gcc/nios2-elf/8.3.1/../../../../../H-x86_64-mingw32/nios2-elf/lib/mno-hw-mul\libsmallc.a(lib_a-vfprintf.o) (strlen)
c:/intelfpga_lite/19.1/nios2eds/bin/gnu/h-x86_64-mingw32/bin/../lib/gcc/nios2-elf/8.3.1/../../../../../H-x86_64-mingw32/nios2-elf/lib/mno-hw-mul\libsmallc.a(lib_a-writer.o)
                              c:/intelfpga_lite/19.1/nios2eds/bin/gnu/h-x86_64-mingw32/bin/../lib/gcc/nios2-elf/8.3.1/../../../../../H-x86_64-mingw32/nios2-elf/lib/mno-hw-mul\libsmallc.a(lib_a-fvwrite_small_dev.o) (_write_r)
c:/intelfpga_lite/19.1/nios2eds/bin/gnu/h-x86_64-mingw32/bin/../lib/gcc/nios2-elf/8.3.1/../../../../../H-x86_64-mingw32/nios2-elf/lib/mno-hw-mul\libsmallc.a(lib_a-int_errno.o)
                              c:/intelfpga_lite/19.1/nios2eds/bin/gnu/h-x86_64-mingw32/bin/../lib/gcc/nios2-elf/8.3.1/../../../../../H-x86_64-mingw32/nios2-elf/lib/mno-hw-mul\libsmallc.a(lib_a-writer.o) (errno)
c:/intelfpga_lite/19.1/nios2eds/bin/gnu/h-x86_64-mingw32/bin/../lib/gcc/nios2-elf/8.3.1/mno-hw-mul\libgcc.a(lib2-divmod.o)
                              c:/intelfpga_lite/19.1/nios2eds/bin/gnu/h-x86_64-mingw32/bin/../lib/gcc/nios2-elf/8.3.1/../../../../../H-x86_64-mingw32/nios2-elf/lib/mno-hw-mul\libsmallc.a(lib_a-vfprintf.o) (__udivsi3)
c:/intelfpga_lite/19.1/nios2eds/bin/gnu/h-x86_64-mingw32/bin/../lib/gcc/nios2-elf/8.3.1/mno-hw-mul\libgcc.a(lib2-mul.o)
                              c:/intelfpga_lite/19.1/nios2eds/bin/gnu/h-x86_64-mingw32/bin/../lib/gcc/nios2-elf/8.3.1/../../../../../H-x86_64-mingw32/nios2-elf/lib/mno-hw-mul\libsmallc.a(lib_a-vfprintf.o) (__mulsi3)
S:/daten/_svn_/HW/Customer/Arrow/TEI0026/current/hdl/SC/current/software/SC_TEI0026_bsp\libhal_bsp.a(alt_getchar.o)
                              obj/default/main.o (alt_getchar)
S:/daten/_svn_/HW/Customer/Arrow/TEI0026/current/hdl/SC/current/software/SC_TEI0026_bsp\libhal_bsp.a(alt_load.o)
                              ../SC_TEI0026_bsp//obj/HAL/src/crt0.o (alt_load)
S:/daten/_svn_/HW/Customer/Arrow/TEI0026/current/hdl/SC/current/software/SC_TEI0026_bsp\libhal_bsp.a(alt_main.o)
                              ../SC_TEI0026_bsp//obj/HAL/src/crt0.o (alt_main)
S:/daten/_svn_/HW/Customer/Arrow/TEI0026/current/hdl/SC/current/software/SC_TEI0026_bsp\libhal_bsp.a(alt_write.o)
                              c:/intelfpga_lite/19.1/nios2eds/bin/gnu/h-x86_64-mingw32/bin/../lib/gcc/nios2-elf/8.3.1/../../../../../H-x86_64-mingw32/nios2-elf/lib/mno-hw-mul\libsmallc.a(lib_a-writer.o) (write)
S:/daten/_svn_/HW/Customer/Arrow/TEI0026/current/hdl/SC/current/software/SC_TEI0026_bsp\libhal_bsp.a(alt_sys_init.o)
                              S:/daten/_svn_/HW/Customer/Arrow/TEI0026/current/hdl/SC/current/software/SC_TEI0026_bsp\libhal_bsp.a(alt_getchar.o) (uart)
S:/daten/_svn_/HW/Customer/Arrow/TEI0026/current/hdl/SC/current/software/SC_TEI0026_bsp\libhal_bsp.a(altera_avalon_uart_read.o)
                              S:/daten/_svn_/HW/Customer/Arrow/TEI0026/current/hdl/SC/current/software/SC_TEI0026_bsp\libhal_bsp.a(alt_getchar.o) (altera_avalon_uart_read)
S:/daten/_svn_/HW/Customer/Arrow/TEI0026/current/hdl/SC/current/software/SC_TEI0026_bsp\libhal_bsp.a(altera_avalon_uart_write.o)
                              S:/daten/_svn_/HW/Customer/Arrow/TEI0026/current/hdl/SC/current/software/SC_TEI0026_bsp\libhal_bsp.a(alt_write.o) (altera_avalon_uart_write)
S:/daten/_svn_/HW/Customer/Arrow/TEI0026/current/hdl/SC/current/software/SC_TEI0026_bsp\libhal_bsp.a(alt_close.o)
                              S:/daten/_svn_/HW/Customer/Arrow/TEI0026/current/hdl/SC/current/software/SC_TEI0026_bsp\libhal_bsp.a(alt_main.o) (close)
S:/daten/_svn_/HW/Customer/Arrow/TEI0026/current/hdl/SC/current/software/SC_TEI0026_bsp\libhal_bsp.a(alt_dcache_flush_all.o)
                              S:/daten/_svn_/HW/Customer/Arrow/TEI0026/current/hdl/SC/current/software/SC_TEI0026_bsp\libhal_bsp.a(alt_load.o) (alt_dcache_flush_all)
S:/daten/_svn_/HW/Customer/Arrow/TEI0026/current/hdl/SC/current/software/SC_TEI0026_bsp\libhal_bsp.a(alt_dev.o)
                              S:/daten/_svn_/HW/Customer/Arrow/TEI0026/current/hdl/SC/current/software/SC_TEI0026_bsp\libhal_bsp.a(alt_getchar.o) (alt_fd_list)
S:/daten/_svn_/HW/Customer/Arrow/TEI0026/current/hdl/SC/current/software/SC_TEI0026_bsp\libhal_bsp.a(alt_errno.o)
                              S:/daten/_svn_/HW/Customer/Arrow/TEI0026/current/hdl/SC/current/software/SC_TEI0026_bsp\libhal_bsp.a(alt_write.o) (alt_errno)
S:/daten/_svn_/HW/Customer/Arrow/TEI0026/current/hdl/SC/current/software/SC_TEI0026_bsp\libhal_bsp.a(alt_icache_flush_all.o)
                              S:/daten/_svn_/HW/Customer/Arrow/TEI0026/current/hdl/SC/current/software/SC_TEI0026_bsp\libhal_bsp.a(alt_load.o) (alt_icache_flush_all)
S:/daten/_svn_/HW/Customer/Arrow/TEI0026/current/hdl/SC/current/software/SC_TEI0026_bsp\libhal_bsp.a(altera_nios2_gen2_irq.o)
                              S:/daten/_svn_/HW/Customer/Arrow/TEI0026/current/hdl/SC/current/software/SC_TEI0026_bsp\libhal_bsp.a(alt_sys_init.o) (altera_nios2_gen2_irq_init)
c:/intelfpga_lite/19.1/nios2eds/bin/gnu/h-x86_64-mingw32/bin/../lib/gcc/nios2-elf/8.3.1/../../../../../H-x86_64-mingw32/nios2-elf/lib/mno-hw-mul\libsmallc.a(lib_a-exit.o)
                              S:/daten/_svn_/HW/Customer/Arrow/TEI0026/current/hdl/SC/current/software/SC_TEI0026_bsp\libhal_bsp.a(alt_main.o) (exit)
c:/intelfpga_lite/19.1/nios2eds/bin/gnu/h-x86_64-mingw32/bin/../lib/gcc/nios2-elf/8.3.1/../../../../../H-x86_64-mingw32/nios2-elf/lib/mno-hw-mul\libsmallc.a(lib_a-__call_atexit.o)
                              c:/intelfpga_lite/19.1/nios2eds/bin/gnu/h-x86_64-mingw32/bin/../lib/gcc/nios2-elf/8.3.1/../../../../../H-x86_64-mingw32/nios2-elf/lib/mno-hw-mul\libsmallc.a(lib_a-exit.o) (__call_exitprocs)
S:/daten/_svn_/HW/Customer/Arrow/TEI0026/current/hdl/SC/current/software/SC_TEI0026_bsp\libhal_bsp.a(alt_exit.o)
                              c:/intelfpga_lite/19.1/nios2eds/bin/gnu/h-x86_64-mingw32/bin/../lib/gcc/nios2-elf/8.3.1/../../../../../H-x86_64-mingw32/nios2-elf/lib/mno-hw-mul\libsmallc.a(lib_a-exit.o) (_exit)

Allocating common symbols
Common symbol       size              file

errno               0x4               c:/intelfpga_lite/19.1/nios2eds/bin/gnu/h-x86_64-mingw32/bin/../lib/gcc/nios2-elf/8.3.1/../../../../../H-x86_64-mingw32/nios2-elf/lib/mno-hw-mul\libsmallc.a(lib_a-int_errno.o)

Discarded input sections

 .gnu.warning.close
                0x0000000000000000        0x0 S:/daten/_svn_/HW/Customer/Arrow/TEI0026/current/hdl/SC/current/software/SC_TEI0026_bsp\libhal_bsp.a(alt_close.o)

Memory Configuration

Name             Origin             Length             Attributes
reset            0x0000000000008000 0x0000000000000020
onchip_ram       0x0000000000008020 0x0000000000007fe0
*default*        0x0000000000000000 0xffffffffffffffff

Linker script and memory map

LOAD ../SC_TEI0026_bsp//obj/HAL/src/crt0.o
LOAD obj/default/main.o
LOAD c:/intelfpga_lite/19.1/nios2eds/bin/gnu/h-x86_64-mingw32/bin/../lib/gcc/nios2-elf/8.3.1/../../../../../H-x86_64-mingw32/nios2-elf/lib/mno-hw-mul\libstdc++.a
LOAD c:/intelfpga_lite/19.1/nios2eds/bin/gnu/h-x86_64-mingw32/bin/../lib/gcc/nios2-elf/8.3.1/../../../../../H-x86_64-mingw32/nios2-elf/lib/mno-hw-mul\libm.a
LOAD c:/intelfpga_lite/19.1/nios2eds/bin/gnu/h-x86_64-mingw32/bin/../lib/gcc/nios2-elf/8.3.1/mno-hw-mul\libgcc.a
START GROUP
LOAD c:/intelfpga_lite/19.1/nios2eds/bin/gnu/h-x86_64-mingw32/bin/../lib/gcc/nios2-elf/8.3.1/../../../../../H-x86_64-mingw32/nios2-elf/lib/mno-hw-mul\libsmallc.a
LOAD c:/intelfpga_lite/19.1/nios2eds/bin/gnu/h-x86_64-mingw32/bin/../lib/gcc/nios2-elf/8.3.1/mno-hw-mul\libgcc.a
LOAD S:/daten/_svn_/HW/Customer/Arrow/TEI0026/current/hdl/SC/current/software/SC_TEI0026_bsp\libhal_bsp.a
LOAD c:/intelfpga_lite/19.1/nios2eds/bin/gnu/h-x86_64-mingw32/bin/../lib/gcc/nios2-elf/8.3.1/../../../../../H-x86_64-mingw32/nios2-elf/lib/mno-hw-mul\libm.a
END GROUP
LOAD c:/intelfpga_lite/19.1/nios2eds/bin/gnu/h-x86_64-mingw32/bin/../lib/gcc/nios2-elf/8.3.1/mno-hw-mul\libgcc.a
                0x0000000000008000                __alt_mem_onchip_ram = 0x8000

.entry          0x0000000000008000       0x20
 *(.entry)
 .entry         0x0000000000008000       0x20 ../SC_TEI0026_bsp//obj/HAL/src/crt0.o
                0x0000000000008000                __reset

.exceptions     0x0000000000008020        0x0
                0x0000000000008020                PROVIDE (__ram_exceptions_start = ABSOLUTE (.))
                0x0000000000008020                . = ALIGN (0x20)
 *(.irq)
 *(.exceptions.entry.label)
 *(.exceptions.entry.user)
 *(.exceptions.entry.ecc_fatal)
 *(.exceptions.entry)
 *(.exceptions.irqtest.user)
 *(.exceptions.irqtest)
 *(.exceptions.irqhandler.user)
 *(.exceptions.irqhandler)
 *(.exceptions.irqreturn.user)
 *(.exceptions.irqreturn)
 *(.exceptions.notirq.label)
 *(.exceptions.notirq.user)
 *(.exceptions.notirq)
 *(.exceptions.soft.user)
 *(.exceptions.soft)
 *(.exceptions.unknown.user)
 *(.exceptions.unknown)
 *(.exceptions.exit.label)
 *(.exceptions.exit.user)
 *(.exceptions.exit)
 *(.exceptions)
                0x0000000000008020                PROVIDE (__ram_exceptions_end = ABSOLUTE (.))
                0x0000000000008020                PROVIDE (__flash_exceptions_start = LOADADDR (.exceptions))

.text           0x0000000000008020     0x1c54
                [!provide]                        PROVIDE (stext = ABSOLUTE (.))
 *(.interp)
 *(.hash)
 *(.dynsym)
 *(.dynstr)
 *(.gnu.version)
 *(.gnu.version_d)
 *(.gnu.version_r)
 *(.rel.init)
 *(.rela.init)
 *(.rel.text .rel.text.* .rel.gnu.linkonce.t.*)
 *(.rela.text .rela.text.* .rela.gnu.linkonce.t.*)
 *(.rel.fini)
 *(.rela.fini)
 *(.rel.rodata .rel.rodata.* .rel.gnu.linkonce.r.*)
 *(.rela.rodata .rela.rodata.* .rela.gnu.linkonce.r.*)
 *(.rel.data .rel.data.* .rel.gnu.linkonce.d.*)
 *(.rela.data .rela.data.* .rela.gnu.linkonce.d.*)
 *(.rel.tdata .rel.tdata.* .rel.gnu.linkonce.td.*)
 *(.rela.tdata .rela.tdata.* .rela.gnu.linkonce.td.*)
 *(.rel.tbss .rel.tbss.* .rel.gnu.linkonce.tb.*)
 *(.rela.tbss .rela.tbss.* .rela.gnu.linkonce.tb.*)
 *(.rel.ctors)
 *(.rela.ctors)
 *(.rel.dtors)
 *(.rela.dtors)
 *(.rel.got)
 *(.rela.got)
 *(.rel.sdata .rel.sdata.* .rel.gnu.linkonce.s.*)
 *(.rela.sdata .rela.sdata.* .rela.gnu.linkonce.s.*)
 *(.rel.sbss .rel.sbss.* .rel.gnu.linkonce.sb.*)
 *(.rela.sbss .rela.sbss.* .rela.gnu.linkonce.sb.*)
 *(.rel.sdata2 .rel.sdata2.* .rel.gnu.linkonce.s2.*)
 *(.rela.sdata2 .rela.sdata2.* .rela.gnu.linkonce.s2.*)
 *(.rel.sbss2 .rel.sbss2.* .rel.gnu.linkonce.sb2.*)
 *(.rela.sbss2 .rela.sbss2.* .rela.gnu.linkonce.sb2.*)
 *(.rel.bss .rel.bss.* .rel.gnu.linkonce.b.*)
 *(.rela.bss .rela.bss.* .rela.gnu.linkonce.b.*)
 *(.rel.plt)
 *(.rela.plt)
 *(.rel.dyn)
 *(.init)
 *(.plt)
 *(.text .stub .text.* .gnu.linkonce.t.*)
 .text          0x0000000000008020       0x3c ../SC_TEI0026_bsp//obj/HAL/src/crt0.o
                0x0000000000008020                _start
 .text          0x000000000000805c      0xb9c obj/default/main.o
                0x000000000000805c                main
 .text          0x0000000000008bf8        0x0 c:/intelfpga_lite/19.1/nios2eds/bin/gnu/h-x86_64-mingw32/bin/../lib/gcc/nios2-elf/8.3.1/../../../../../H-x86_64-mingw32/nios2-elf/lib/mno-hw-mul\libsmallc.a(lib_a-printf.o)
 .text._printf_r
                0x0000000000008bf8       0x3c c:/intelfpga_lite/19.1/nios2eds/bin/gnu/h-x86_64-mingw32/bin/../lib/gcc/nios2-elf/8.3.1/../../../../../H-x86_64-mingw32/nios2-elf/lib/mno-hw-mul\libsmallc.a(lib_a-printf.o)
                0x0000000000008bf8                _printf_r
 .text.printf   0x0000000000008c34       0x48 c:/intelfpga_lite/19.1/nios2eds/bin/gnu/h-x86_64-mingw32/bin/../lib/gcc/nios2-elf/8.3.1/../../../../../H-x86_64-mingw32/nios2-elf/lib/mno-hw-mul\libsmallc.a(lib_a-printf.o)
                0x0000000000008c34                printf
 .text          0x0000000000008c7c        0x0 c:/intelfpga_lite/19.1/nios2eds/bin/gnu/h-x86_64-mingw32/bin/../lib/gcc/nios2-elf/8.3.1/../../../../../H-x86_64-mingw32/nios2-elf/lib/mno-hw-mul\libsmallc.a(lib_a-vfprintf.o)
 .text.print_repeat
                0x0000000000008c7c       0x6c c:/intelfpga_lite/19.1/nios2eds/bin/gnu/h-x86_64-mingw32/bin/../lib/gcc/nios2-elf/8.3.1/../../../../../H-x86_64-mingw32/nios2-elf/lib/mno-hw-mul\libsmallc.a(lib_a-vfprintf.o)
 .text.___vfprintf_internal_r
                0x0000000000008ce8      0x518 c:/intelfpga_lite/19.1/nios2eds/bin/gnu/h-x86_64-mingw32/bin/../lib/gcc/nios2-elf/8.3.1/../../../../../H-x86_64-mingw32/nios2-elf/lib/mno-hw-mul\libsmallc.a(lib_a-vfprintf.o)
                0x0000000000008ce8                ___vfprintf_internal_r
 .text.__vfprintf_internal
                0x0000000000009200       0x18 c:/intelfpga_lite/19.1/nios2eds/bin/gnu/h-x86_64-mingw32/bin/../lib/gcc/nios2-elf/8.3.1/../../../../../H-x86_64-mingw32/nios2-elf/lib/mno-hw-mul\libsmallc.a(lib_a-vfprintf.o)
                0x0000000000009200                __vfprintf_internal
 .text          0x0000000000009218        0x0 c:/intelfpga_lite/19.1/nios2eds/bin/gnu/h-x86_64-mingw32/bin/../lib/gcc/nios2-elf/8.3.1/../../../../../H-x86_64-mingw32/nios2-elf/lib/mno-hw-mul\libsmallc.a(lib_a-fvwrite_small_dev.o)
 .text.__sfvwrite_small_dev
                0x0000000000009218       0xa8 c:/intelfpga_lite/19.1/nios2eds/bin/gnu/h-x86_64-mingw32/bin/../lib/gcc/nios2-elf/8.3.1/../../../../../H-x86_64-mingw32/nios2-elf/lib/mno-hw-mul\libsmallc.a(lib_a-fvwrite_small_dev.o)
                0x0000000000009218                __sfvwrite_small_dev
 .text          0x00000000000092c0        0x0 c:/intelfpga_lite/19.1/nios2eds/bin/gnu/h-x86_64-mingw32/bin/../lib/gcc/nios2-elf/8.3.1/../../../../../H-x86_64-mingw32/nios2-elf/lib/mno-hw-mul\libsmallc.a(lib_a-impure.o)
 .text          0x00000000000092c0        0x0 c:/intelfpga_lite/19.1/nios2eds/bin/gnu/h-x86_64-mingw32/bin/../lib/gcc/nios2-elf/8.3.1/../../../../../H-x86_64-mingw32/nios2-elf/lib/mno-hw-mul\libsmallc.a(lib_a-strlen.o)
 .text.strlen   0x00000000000092c0       0x1c c:/intelfpga_lite/19.1/nios2eds/bin/gnu/h-x86_64-mingw32/bin/../lib/gcc/nios2-elf/8.3.1/../../../../../H-x86_64-mingw32/nios2-elf/lib/mno-hw-mul\libsmallc.a(lib_a-strlen.o)
                0x00000000000092c0                strlen
 .text          0x00000000000092dc        0x0 c:/intelfpga_lite/19.1/nios2eds/bin/gnu/h-x86_64-mingw32/bin/../lib/gcc/nios2-elf/8.3.1/../../../../../H-x86_64-mingw32/nios2-elf/lib/mno-hw-mul\libsmallc.a(lib_a-writer.o)
 .text._write_r
                0x00000000000092dc       0x50 c:/intelfpga_lite/19.1/nios2eds/bin/gnu/h-x86_64-mingw32/bin/../lib/gcc/nios2-elf/8.3.1/../../../../../H-x86_64-mingw32/nios2-elf/lib/mno-hw-mul\libsmallc.a(lib_a-writer.o)
                0x00000000000092dc                _write_r
 .text          0x000000000000932c        0x0 c:/intelfpga_lite/19.1/nios2eds/bin/gnu/h-x86_64-mingw32/bin/../lib/gcc/nios2-elf/8.3.1/../../../../../H-x86_64-mingw32/nios2-elf/lib/mno-hw-mul\libsmallc.a(lib_a-int_errno.o)
 .text          0x000000000000932c      0x1b8 c:/intelfpga_lite/19.1/nios2eds/bin/gnu/h-x86_64-mingw32/bin/../lib/gcc/nios2-elf/8.3.1/mno-hw-mul\libgcc.a(lib2-divmod.o)
                0x000000000000932c                __divsi3
                0x00000000000093ac                __modsi3
                0x0000000000009424                __udivsi3
                0x0000000000009488                __umodsi3
 .text          0x00000000000094e4       0x28 c:/intelfpga_lite/19.1/nios2eds/bin/gnu/h-x86_64-mingw32/bin/../lib/gcc/nios2-elf/8.3.1/mno-hw-mul\libgcc.a(lib2-mul.o)
                0x00000000000094e4                __mulsi3
 .text          0x000000000000950c       0x64 S:/daten/_svn_/HW/Customer/Arrow/TEI0026/current/hdl/SC/current/software/SC_TEI0026_bsp\libhal_bsp.a(alt_getchar.o)
                0x000000000000950c                alt_getchar
 .text          0x0000000000009570       0xec S:/daten/_svn_/HW/Customer/Arrow/TEI0026/current/hdl/SC/current/software/SC_TEI0026_bsp\libhal_bsp.a(alt_load.o)
                0x00000000000095d8                alt_load
 .text          0x000000000000965c       0x50 S:/daten/_svn_/HW/Customer/Arrow/TEI0026/current/hdl/SC/current/software/SC_TEI0026_bsp\libhal_bsp.a(alt_main.o)
                0x000000000000965c                alt_main
 .text          0x00000000000096ac       0xdc S:/daten/_svn_/HW/Customer/Arrow/TEI0026/current/hdl/SC/current/software/SC_TEI0026_bsp\libhal_bsp.a(alt_write.o)
                0x00000000000096e8                write
 .text          0x0000000000009788       0x58 S:/daten/_svn_/HW/Customer/Arrow/TEI0026/current/hdl/SC/current/software/SC_TEI0026_bsp\libhal_bsp.a(alt_sys_init.o)
                0x0000000000009788                alt_irq_init
                0x00000000000097c0                alt_sys_init
 .text          0x00000000000097e0      0x100 S:/daten/_svn_/HW/Customer/Arrow/TEI0026/current/hdl/SC/current/software/SC_TEI0026_bsp\libhal_bsp.a(altera_avalon_uart_read.o)
                0x000000000000981c                altera_avalon_uart_read
 .text          0x00000000000098e0      0x11c S:/daten/_svn_/HW/Customer/Arrow/TEI0026/current/hdl/SC/current/software/SC_TEI0026_bsp\libhal_bsp.a(altera_avalon_uart_write.o)
                0x000000000000991c                altera_avalon_uart_write
 .text          0x00000000000099fc       0x78 S:/daten/_svn_/HW/Customer/Arrow/TEI0026/current/hdl/SC/current/software/SC_TEI0026_bsp\libhal_bsp.a(alt_close.o)
                0x0000000000009a38                close
 .text          0x0000000000009a74       0x20 S:/daten/_svn_/HW/Customer/Arrow/TEI0026/current/hdl/SC/current/software/SC_TEI0026_bsp\libhal_bsp.a(alt_dcache_flush_all.o)
                0x0000000000009a74                alt_dcache_flush_all
 .text          0x0000000000009a94       0x2c S:/daten/_svn_/HW/Customer/Arrow/TEI0026/current/hdl/SC/current/software/SC_TEI0026_bsp\libhal_bsp.a(alt_dev.o)
 .text          0x0000000000009ac0        0x0 S:/daten/_svn_/HW/Customer/Arrow/TEI0026/current/hdl/SC/current/software/SC_TEI0026_bsp\libhal_bsp.a(alt_errno.o)
 .text          0x0000000000009ac0       0x20 S:/daten/_svn_/HW/Customer/Arrow/TEI0026/current/hdl/SC/current/software/SC_TEI0026_bsp\libhal_bsp.a(alt_icache_flush_all.o)
                0x0000000000009ac0                alt_icache_flush_all
 .text          0x0000000000009ae0       0x24 S:/daten/_svn_/HW/Customer/Arrow/TEI0026/current/hdl/SC/current/software/SC_TEI0026_bsp\libhal_bsp.a(altera_nios2_gen2_irq.o)
                0x0000000000009ae0                altera_nios2_gen2_irq_init
 .text          0x0000000000009b04        0x0 c:/intelfpga_lite/19.1/nios2eds/bin/gnu/h-x86_64-mingw32/bin/../lib/gcc/nios2-elf/8.3.1/../../../../../H-x86_64-mingw32/nios2-elf/lib/mno-hw-mul\libsmallc.a(lib_a-exit.o)
 .text.exit     0x0000000000009b04       0x20 c:/intelfpga_lite/19.1/nios2eds/bin/gnu/h-x86_64-mingw32/bin/../lib/gcc/nios2-elf/8.3.1/../../../../../H-x86_64-mingw32/nios2-elf/lib/mno-hw-mul\libsmallc.a(lib_a-exit.o)
                0x0000000000009b04                exit
 .text          0x0000000000009b24        0x0 c:/intelfpga_lite/19.1/nios2eds/bin/gnu/h-x86_64-mingw32/bin/../lib/gcc/nios2-elf/8.3.1/../../../../../H-x86_64-mingw32/nios2-elf/lib/mno-hw-mul\libsmallc.a(lib_a-__call_atexit.o)
 .text.__call_exitprocs
                0x0000000000009b24      0x11c c:/intelfpga_lite/19.1/nios2eds/bin/gnu/h-x86_64-mingw32/bin/../lib/gcc/nios2-elf/8.3.1/../../../../../H-x86_64-mingw32/nios2-elf/lib/mno-hw-mul\libsmallc.a(lib_a-__call_atexit.o)
                0x0000000000009b24                __call_exitprocs
 .text          0x0000000000009c40       0x34 S:/daten/_svn_/HW/Customer/Arrow/TEI0026/current/hdl/SC/current/software/SC_TEI0026_bsp\libhal_bsp.a(alt_exit.o)
                0x0000000000009c40                _exit
 *(.gnu.warning.*)
 *(.fini)
                [!provide]                        PROVIDE (__etext = ABSOLUTE (.))
                [!provide]                        PROVIDE (_etext = ABSOLUTE (.))
                [!provide]                        PROVIDE (etext = ABSOLUTE (.))
 *(.eh_frame_hdr)
                0x0000000000009c74                . = ALIGN (0x4)
                [!provide]                        PROVIDE (__preinit_array_start = ABSOLUTE (.))
 *(.preinit_array)
                [!provide]                        PROVIDE (__preinit_array_end = ABSOLUTE (.))
                [!provide]                        PROVIDE (__init_array_start = ABSOLUTE (.))
 *(.init_array)
                [!provide]                        PROVIDE (__init_array_end = ABSOLUTE (.))
                [!provide]                        PROVIDE (__fini_array_start = ABSOLUTE (.))
 *(.fini_array)
                [!provide]                        PROVIDE (__fini_array_end = ABSOLUTE (.))
 *(.eh_frame)
 *(.gcc_except_table .gcc_except_table.*)
 *(.dynamic)
                [!provide]                        PROVIDE (__CTOR_LIST__ = ABSOLUTE (.))
 *(.ctors)
 *(SORT_BY_NAME(.ctors.*))
                [!provide]                        PROVIDE (__CTOR_END__ = ABSOLUTE (.))
                [!provide]                        PROVIDE (__DTOR_LIST__ = ABSOLUTE (.))
 *(.dtors)
 *(SORT_BY_NAME(.dtors.*))
                [!provide]                        PROVIDE (__DTOR_END__ = ABSOLUTE (.))
 *(.jcr)
                0x0000000000009c74                . = ALIGN (0x4)

.rodata         0x0000000000009c74      0xa18
                0x0000000000009c74                PROVIDE (__ram_rodata_start = ABSOLUTE (.))
                0x0000000000009c74                . = ALIGN (0x4)
 *(.rodata .rodata.* .gnu.linkonce.r.*)
 .rodata        0x0000000000009c74      0xa0b obj/default/main.o
 *fill*         0x000000000000a67f        0x1 
 .rodata        0x000000000000a680        0xa S:/daten/_svn_/HW/Customer/Arrow/TEI0026/current/hdl/SC/current/software/SC_TEI0026_bsp\libhal_bsp.a(alt_dev.o)
 *(.rodata1)
                0x000000000000a68c                . = ALIGN (0x4)
 *fill*         0x000000000000a68a        0x2 
                0x000000000000a68c                PROVIDE (__ram_rodata_end = ABSOLUTE (.))
                0x0000000000009c74                PROVIDE (__flash_rodata_start = LOADADDR (.rodata))

.rwdata         0x000000000000a68c      0x2b0 load address 0x000000000000a93c
                0x000000000000a68c                PROVIDE (__ram_rwdata_start = ABSOLUTE (.))
                0x000000000000a68c                . = ALIGN (0x4)
 *(.got.plt)
 *(.got)
 *(.data1)
 *(.data .data.* .gnu.linkonce.d.*)
 .data          0x000000000000a68c        0x0 ../SC_TEI0026_bsp//obj/HAL/src/crt0.o
 .data          0x000000000000a68c        0x0 obj/default/main.o
 .data          0x000000000000a68c        0x0 c:/intelfpga_lite/19.1/nios2eds/bin/gnu/h-x86_64-mingw32/bin/../lib/gcc/nios2-elf/8.3.1/../../../../../H-x86_64-mingw32/nios2-elf/lib/mno-hw-mul\libsmallc.a(lib_a-printf.o)
 .data          0x000000000000a68c        0x0 c:/intelfpga_lite/19.1/nios2eds/bin/gnu/h-x86_64-mingw32/bin/../lib/gcc/nios2-elf/8.3.1/../../../../../H-x86_64-mingw32/nios2-elf/lib/mno-hw-mul\libsmallc.a(lib_a-vfprintf.o)
 .data          0x000000000000a68c        0x0 c:/intelfpga_lite/19.1/nios2eds/bin/gnu/h-x86_64-mingw32/bin/../lib/gcc/nios2-elf/8.3.1/../../../../../H-x86_64-mingw32/nios2-elf/lib/mno-hw-mul\libsmallc.a(lib_a-fvwrite_small_dev.o)
 .data          0x000000000000a68c        0x0 c:/intelfpga_lite/19.1/nios2eds/bin/gnu/h-x86_64-mingw32/bin/../lib/gcc/nios2-elf/8.3.1/../../../../../H-x86_64-mingw32/nios2-elf/lib/mno-hw-mul\libsmallc.a(lib_a-impure.o)
 .data.impure_data
                0x000000000000a68c       0xe4 c:/intelfpga_lite/19.1/nios2eds/bin/gnu/h-x86_64-mingw32/bin/../lib/gcc/nios2-elf/8.3.1/../../../../../H-x86_64-mingw32/nios2-elf/lib/mno-hw-mul\libsmallc.a(lib_a-impure.o)
 .data          0x000000000000a770        0x0 c:/intelfpga_lite/19.1/nios2eds/bin/gnu/h-x86_64-mingw32/bin/../lib/gcc/nios2-elf/8.3.1/../../../../../H-x86_64-mingw32/nios2-elf/lib/mno-hw-mul\libsmallc.a(lib_a-strlen.o)
 .data          0x000000000000a770        0x0 c:/intelfpga_lite/19.1/nios2eds/bin/gnu/h-x86_64-mingw32/bin/../lib/gcc/nios2-elf/8.3.1/../../../../../H-x86_64-mingw32/nios2-elf/lib/mno-hw-mul\libsmallc.a(lib_a-writer.o)
 .data          0x000000000000a770        0x0 c:/intelfpga_lite/19.1/nios2eds/bin/gnu/h-x86_64-mingw32/bin/../lib/gcc/nios2-elf/8.3.1/../../../../../H-x86_64-mingw32/nios2-elf/lib/mno-hw-mul\libsmallc.a(lib_a-int_errno.o)
 .data          0x000000000000a770        0x0 c:/intelfpga_lite/19.1/nios2eds/bin/gnu/h-x86_64-mingw32/bin/../lib/gcc/nios2-elf/8.3.1/mno-hw-mul\libgcc.a(lib2-divmod.o)
 .data          0x000000000000a770        0x0 c:/intelfpga_lite/19.1/nios2eds/bin/gnu/h-x86_64-mingw32/bin/../lib/gcc/nios2-elf/8.3.1/mno-hw-mul\libgcc.a(lib2-mul.o)
 .data          0x000000000000a770        0x0 S:/daten/_svn_/HW/Customer/Arrow/TEI0026/current/hdl/SC/current/software/SC_TEI0026_bsp\libhal_bsp.a(alt_getchar.o)
 .data          0x000000000000a770        0x0 S:/daten/_svn_/HW/Customer/Arrow/TEI0026/current/hdl/SC/current/software/SC_TEI0026_bsp\libhal_bsp.a(alt_load.o)
 .data          0x000000000000a770        0x0 S:/daten/_svn_/HW/Customer/Arrow/TEI0026/current/hdl/SC/current/software/SC_TEI0026_bsp\libhal_bsp.a(alt_main.o)
 .data          0x000000000000a770        0x0 S:/daten/_svn_/HW/Customer/Arrow/TEI0026/current/hdl/SC/current/software/SC_TEI0026_bsp\libhal_bsp.a(alt_write.o)
 .data          0x000000000000a770        0x0 S:/daten/_svn_/HW/Customer/Arrow/TEI0026/current/hdl/SC/current/software/SC_TEI0026_bsp\libhal_bsp.a(alt_sys_init.o)
 .data          0x000000000000a770        0x0 S:/daten/_svn_/HW/Customer/Arrow/TEI0026/current/hdl/SC/current/software/SC_TEI0026_bsp\libhal_bsp.a(altera_avalon_uart_read.o)
 .data          0x000000000000a770        0x0 S:/daten/_svn_/HW/Customer/Arrow/TEI0026/current/hdl/SC/current/software/SC_TEI0026_bsp\libhal_bsp.a(altera_avalon_uart_write.o)
 .data          0x000000000000a770        0x0 S:/daten/_svn_/HW/Customer/Arrow/TEI0026/current/hdl/SC/current/software/SC_TEI0026_bsp\libhal_bsp.a(alt_close.o)
 .data          0x000000000000a770        0x0 S:/daten/_svn_/HW/Customer/Arrow/TEI0026/current/hdl/SC/current/software/SC_TEI0026_bsp\libhal_bsp.a(alt_dcache_flush_all.o)
 .data          0x000000000000a770      0x1a8 S:/daten/_svn_/HW/Customer/Arrow/TEI0026/current/hdl/SC/current/software/SC_TEI0026_bsp\libhal_bsp.a(alt_dev.o)
                0x000000000000a770                alt_dev_null
                0x000000000000a798                alt_fd_list
 .data          0x000000000000a918        0x0 S:/daten/_svn_/HW/Customer/Arrow/TEI0026/current/hdl/SC/current/software/SC_TEI0026_bsp\libhal_bsp.a(alt_errno.o)
 .data          0x000000000000a918        0x0 S:/daten/_svn_/HW/Customer/Arrow/TEI0026/current/hdl/SC/current/software/SC_TEI0026_bsp\libhal_bsp.a(alt_icache_flush_all.o)
 .data          0x000000000000a918        0x0 S:/daten/_svn_/HW/Customer/Arrow/TEI0026/current/hdl/SC/current/software/SC_TEI0026_bsp\libhal_bsp.a(altera_nios2_gen2_irq.o)
 .data          0x000000000000a918        0x0 c:/intelfpga_lite/19.1/nios2eds/bin/gnu/h-x86_64-mingw32/bin/../lib/gcc/nios2-elf/8.3.1/../../../../../H-x86_64-mingw32/nios2-elf/lib/mno-hw-mul\libsmallc.a(lib_a-exit.o)
 .data          0x000000000000a918        0x0 c:/intelfpga_lite/19.1/nios2eds/bin/gnu/h-x86_64-mingw32/bin/../lib/gcc/nios2-elf/8.3.1/../../../../../H-x86_64-mingw32/nios2-elf/lib/mno-hw-mul\libsmallc.a(lib_a-__call_atexit.o)
 .data          0x000000000000a918        0x0 S:/daten/_svn_/HW/Customer/Arrow/TEI0026/current/hdl/SC/current/software/SC_TEI0026_bsp\libhal_bsp.a(alt_exit.o)
                0x0000000000012918                _gp = ABSOLUTE ((. + 0x8000))
                [!provide]                        PROVIDE (gp = _gp)
 *(.rwdata .rwdata.*)
 *(.sdata .sdata.* .gnu.linkonce.s.*)
 .sdata._global_impure_ptr
                0x000000000000a918        0x4 c:/intelfpga_lite/19.1/nios2eds/bin/gnu/h-x86_64-mingw32/bin/../lib/gcc/nios2-elf/8.3.1/../../../../../H-x86_64-mingw32/nios2-elf/lib/mno-hw-mul\libsmallc.a(lib_a-impure.o)
                0x000000000000a918                _global_impure_ptr
 .sdata._impure_ptr
                0x000000000000a91c        0x4 c:/intelfpga_lite/19.1/nios2eds/bin/gnu/h-x86_64-mingw32/bin/../lib/gcc/nios2-elf/8.3.1/../../../../../H-x86_64-mingw32/nios2-elf/lib/mno-hw-mul\libsmallc.a(lib_a-impure.o)
                0x000000000000a91c                _impure_ptr
 .sdata         0x000000000000a920        0x4 S:/daten/_svn_/HW/Customer/Arrow/TEI0026/current/hdl/SC/current/software/SC_TEI0026_bsp\libhal_bsp.a(alt_sys_init.o)
                0x000000000000a920                uart
 .sdata         0x000000000000a924       0x14 S:/daten/_svn_/HW/Customer/Arrow/TEI0026/current/hdl/SC/current/software/SC_TEI0026_bsp\libhal_bsp.a(alt_dev.o)
                0x000000000000a924                alt_fs_list
                0x000000000000a92c                alt_dev_list
                0x000000000000a934                alt_max_fd
 .sdata         0x000000000000a938        0x4 S:/daten/_svn_/HW/Customer/Arrow/TEI0026/current/hdl/SC/current/software/SC_TEI0026_bsp\libhal_bsp.a(alt_errno.o)
                0x000000000000a938                alt_errno
 *(.sdata2 .sdata2.* .gnu.linkonce.s2.*)
                0x000000000000a93c                . = ALIGN (0x4)
                0x000000000000a93c                _edata = ABSOLUTE (.)
                [!provide]                        PROVIDE (edata = ABSOLUTE (.))
                0x000000000000a93c                PROVIDE (__ram_rwdata_end = ABSOLUTE (.))
                0x000000000000a93c                PROVIDE (__flash_rwdata_start = LOADADDR (.rwdata))

.bss            0x000000000000abec       0x10
                0x000000000000abec                __bss_start = ABSOLUTE (.)
                [!provide]                        PROVIDE (__sbss_start = ABSOLUTE (.))
                [!provide]                        PROVIDE (___sbss_start = ABSOLUTE (.))
 *(.dynsbss)
 *(.sbss .sbss.* .gnu.linkonce.sb.*)
 .sbss          0x000000000000abec        0x4 c:/intelfpga_lite/19.1/nios2eds/bin/gnu/h-x86_64-mingw32/bin/../lib/gcc/nios2-elf/8.3.1/../../../../../H-x86_64-mingw32/nios2-elf/lib/mno-hw-mul\libsmallc.a(lib_a-int_errno.o)
                0x000000000000abec                errno
 .sbss          0x000000000000abf0        0xc S:/daten/_svn_/HW/Customer/Arrow/TEI0026/current/hdl/SC/current/software/SC_TEI0026_bsp\libhal_bsp.a(alt_main.o)
                0x000000000000abf0                alt_argc
                0x000000000000abf4                alt_argv
                0x000000000000abf8                alt_envp
 *(.sbss2 .sbss2.* .gnu.linkonce.sb2.*)
 *(.scommon)
                [!provide]                        PROVIDE (__sbss_end = ABSOLUTE (.))
                [!provide]                        PROVIDE (___sbss_end = ABSOLUTE (.))
 *(.dynbss)
 *(.bss .bss.* .gnu.linkonce.b.*)
 .bss           0x000000000000abfc        0x0 ../SC_TEI0026_bsp//obj/HAL/src/crt0.o
 .bss           0x000000000000abfc        0x0 obj/default/main.o
 .bss           0x000000000000abfc        0x0 c:/intelfpga_lite/19.1/nios2eds/bin/gnu/h-x86_64-mingw32/bin/../lib/gcc/nios2-elf/8.3.1/../../../../../H-x86_64-mingw32/nios2-elf/lib/mno-hw-mul\libsmallc.a(lib_a-printf.o)
 .bss           0x000000000000abfc        0x0 c:/intelfpga_lite/19.1/nios2eds/bin/gnu/h-x86_64-mingw32/bin/../lib/gcc/nios2-elf/8.3.1/../../../../../H-x86_64-mingw32/nios2-elf/lib/mno-hw-mul\libsmallc.a(lib_a-vfprintf.o)
 .bss           0x000000000000abfc        0x0 c:/intelfpga_lite/19.1/nios2eds/bin/gnu/h-x86_64-mingw32/bin/../lib/gcc/nios2-elf/8.3.1/../../../../../H-x86_64-mingw32/nios2-elf/lib/mno-hw-mul\libsmallc.a(lib_a-fvwrite_small_dev.o)
 .bss           0x000000000000abfc        0x0 c:/intelfpga_lite/19.1/nios2eds/bin/gnu/h-x86_64-mingw32/bin/../lib/gcc/nios2-elf/8.3.1/../../../../../H-x86_64-mingw32/nios2-elf/lib/mno-hw-mul\libsmallc.a(lib_a-impure.o)
 .bss           0x000000000000abfc        0x0 c:/intelfpga_lite/19.1/nios2eds/bin/gnu/h-x86_64-mingw32/bin/../lib/gcc/nios2-elf/8.3.1/../../../../../H-x86_64-mingw32/nios2-elf/lib/mno-hw-mul\libsmallc.a(lib_a-strlen.o)
 .bss           0x000000000000abfc        0x0 c:/intelfpga_lite/19.1/nios2eds/bin/gnu/h-x86_64-mingw32/bin/../lib/gcc/nios2-elf/8.3.1/../../../../../H-x86_64-mingw32/nios2-elf/lib/mno-hw-mul\libsmallc.a(lib_a-writer.o)
 .bss           0x000000000000abfc        0x0 c:/intelfpga_lite/19.1/nios2eds/bin/gnu/h-x86_64-mingw32/bin/../lib/gcc/nios2-elf/8.3.1/../../../../../H-x86_64-mingw32/nios2-elf/lib/mno-hw-mul\libsmallc.a(lib_a-int_errno.o)
 .bss           0x000000000000abfc        0x0 c:/intelfpga_lite/19.1/nios2eds/bin/gnu/h-x86_64-mingw32/bin/../lib/gcc/nios2-elf/8.3.1/mno-hw-mul\libgcc.a(lib2-divmod.o)
 .bss           0x000000000000abfc        0x0 c:/intelfpga_lite/19.1/nios2eds/bin/gnu/h-x86_64-mingw32/bin/../lib/gcc/nios2-elf/8.3.1/mno-hw-mul\libgcc.a(lib2-mul.o)
 .bss           0x000000000000abfc        0x0 S:/daten/_svn_/HW/Customer/Arrow/TEI0026/current/hdl/SC/current/software/SC_TEI0026_bsp\libhal_bsp.a(alt_getchar.o)
 .bss           0x000000000000abfc        0x0 S:/daten/_svn_/HW/Customer/Arrow/TEI0026/current/hdl/SC/current/software/SC_TEI0026_bsp\libhal_bsp.a(alt_load.o)
 .bss           0x000000000000abfc        0x0 S:/daten/_svn_/HW/Customer/Arrow/TEI0026/current/hdl/SC/current/software/SC_TEI0026_bsp\libhal_bsp.a(alt_main.o)
 .bss           0x000000000000abfc        0x0 S:/daten/_svn_/HW/Customer/Arrow/TEI0026/current/hdl/SC/current/software/SC_TEI0026_bsp\libhal_bsp.a(alt_write.o)
 .bss           0x000000000000abfc        0x0 S:/daten/_svn_/HW/Customer/Arrow/TEI0026/current/hdl/SC/current/software/SC_TEI0026_bsp\libhal_bsp.a(alt_sys_init.o)
 .bss           0x000000000000abfc        0x0 S:/daten/_svn_/HW/Customer/Arrow/TEI0026/current/hdl/SC/current/software/SC_TEI0026_bsp\libhal_bsp.a(altera_avalon_uart_read.o)
 .bss           0x000000000000abfc        0x0 S:/daten/_svn_/HW/Customer/Arrow/TEI0026/current/hdl/SC/current/software/SC_TEI0026_bsp\libhal_bsp.a(altera_avalon_uart_write.o)
 .bss           0x000000000000abfc        0x0 S:/daten/_svn_/HW/Customer/Arrow/TEI0026/current/hdl/SC/current/software/SC_TEI0026_bsp\libhal_bsp.a(alt_close.o)
 .bss           0x000000000000abfc        0x0 S:/daten/_svn_/HW/Customer/Arrow/TEI0026/current/hdl/SC/current/software/SC_TEI0026_bsp\libhal_bsp.a(alt_dcache_flush_all.o)
 .bss           0x000000000000abfc        0x0 S:/daten/_svn_/HW/Customer/Arrow/TEI0026/current/hdl/SC/current/software/SC_TEI0026_bsp\libhal_bsp.a(alt_dev.o)
 .bss           0x000000000000abfc        0x0 S:/daten/_svn_/HW/Customer/Arrow/TEI0026/current/hdl/SC/current/software/SC_TEI0026_bsp\libhal_bsp.a(alt_errno.o)
 .bss           0x000000000000abfc        0x0 S:/daten/_svn_/HW/Customer/Arrow/TEI0026/current/hdl/SC/current/software/SC_TEI0026_bsp\libhal_bsp.a(alt_icache_flush_all.o)
 .bss           0x000000000000abfc        0x0 S:/daten/_svn_/HW/Customer/Arrow/TEI0026/current/hdl/SC/current/software/SC_TEI0026_bsp\libhal_bsp.a(altera_nios2_gen2_irq.o)
 .bss           0x000000000000abfc        0x0 c:/intelfpga_lite/19.1/nios2eds/bin/gnu/h-x86_64-mingw32/bin/../lib/gcc/nios2-elf/8.3.1/../../../../../H-x86_64-mingw32/nios2-elf/lib/mno-hw-mul\libsmallc.a(lib_a-exit.o)
 .bss           0x000000000000abfc        0x0 c:/intelfpga_lite/19.1/nios2eds/bin/gnu/h-x86_64-mingw32/bin/../lib/gcc/nios2-elf/8.3.1/../../../../../H-x86_64-mingw32/nios2-elf/lib/mno-hw-mul\libsmallc.a(lib_a-__call_atexit.o)
 .bss           0x000000000000abfc        0x0 S:/daten/_svn_/HW/Customer/Arrow/TEI0026/current/hdl/SC/current/software/SC_TEI0026_bsp\libhal_bsp.a(alt_exit.o)
 *(COMMON)
                0x000000000000abfc                . = ALIGN (0x4)
                0x000000000000abfc                __bss_end = ABSOLUTE (.)

.onchip_ram     0x000000000000abfc        0x0
                [!provide]                        PROVIDE (_alt_partition_onchip_ram_start = ABSOLUTE (.))
 *(.onchip_ram .onchip_ram. onchip_ram.*)
                0x000000000000abfc                . = ALIGN (0x4)
                [!provide]                        PROVIDE (_alt_partition_onchip_ram_end = ABSOLUTE (.))
                0x000000000000abfc                _end = ABSOLUTE (.)
                0x000000000000abfc                end = ABSOLUTE (.)
                0x000000000000abfc                __alt_stack_base = ABSOLUTE (.)
                [!provide]                        PROVIDE (_alt_partition_onchip_ram_load_addr = LOADADDR (.onchip_ram))

.stab
 *(.stab)

.stabstr
 *(.stabstr)

.stab.excl
 *(.stab.excl)

.stab.exclstr
 *(.stab.exclstr)

.stab.index
 *(.stab.index)

.stab.indexstr
 *(.stab.indexstr)

.comment        0x0000000000000000       0x2c
 *(.comment)
 .comment       0x0000000000000000       0x2c obj/default/main.o
                                         0x2d (size before relaxing)
 .comment       0x000000000000002c       0x2d c:/intelfpga_lite/19.1/nios2eds/bin/gnu/h-x86_64-mingw32/bin/../lib/gcc/nios2-elf/8.3.1/../../../../../H-x86_64-mingw32/nios2-elf/lib/mno-hw-mul\libsmallc.a(lib_a-printf.o)
 .comment       0x000000000000002c       0x2d c:/intelfpga_lite/19.1/nios2eds/bin/gnu/h-x86_64-mingw32/bin/../lib/gcc/nios2-elf/8.3.1/../../../../../H-x86_64-mingw32/nios2-elf/lib/mno-hw-mul\libsmallc.a(lib_a-vfprintf.o)
 .comment       0x000000000000002c       0x2d c:/intelfpga_lite/19.1/nios2eds/bin/gnu/h-x86_64-mingw32/bin/../lib/gcc/nios2-elf/8.3.1/../../../../../H-x86_64-mingw32/nios2-elf/lib/mno-hw-mul\libsmallc.a(lib_a-fvwrite_small_dev.o)
 .comment       0x000000000000002c       0x2d c:/intelfpga_lite/19.1/nios2eds/bin/gnu/h-x86_64-mingw32/bin/../lib/gcc/nios2-elf/8.3.1/../../../../../H-x86_64-mingw32/nios2-elf/lib/mno-hw-mul\libsmallc.a(lib_a-impure.o)
 .comment       0x000000000000002c       0x2d c:/intelfpga_lite/19.1/nios2eds/bin/gnu/h-x86_64-mingw32/bin/../lib/gcc/nios2-elf/8.3.1/../../../../../H-x86_64-mingw32/nios2-elf/lib/mno-hw-mul\libsmallc.a(lib_a-strlen.o)
 .comment       0x000000000000002c       0x2d c:/intelfpga_lite/19.1/nios2eds/bin/gnu/h-x86_64-mingw32/bin/../lib/gcc/nios2-elf/8.3.1/../../../../../H-x86_64-mingw32/nios2-elf/lib/mno-hw-mul\libsmallc.a(lib_a-writer.o)
 .comment       0x000000000000002c       0x2d c:/intelfpga_lite/19.1/nios2eds/bin/gnu/h-x86_64-mingw32/bin/../lib/gcc/nios2-elf/8.3.1/../../../../../H-x86_64-mingw32/nios2-elf/lib/mno-hw-mul\libsmallc.a(lib_a-int_errno.o)
 .comment       0x000000000000002c       0x2d c:/intelfpga_lite/19.1/nios2eds/bin/gnu/h-x86_64-mingw32/bin/../lib/gcc/nios2-elf/8.3.1/mno-hw-mul\libgcc.a(lib2-divmod.o)
 .comment       0x000000000000002c       0x2d c:/intelfpga_lite/19.1/nios2eds/bin/gnu/h-x86_64-mingw32/bin/../lib/gcc/nios2-elf/8.3.1/mno-hw-mul\libgcc.a(lib2-mul.o)
 .comment       0x000000000000002c       0x2d S:/daten/_svn_/HW/Customer/Arrow/TEI0026/current/hdl/SC/current/software/SC_TEI0026_bsp\libhal_bsp.a(alt_getchar.o)
 .comment       0x000000000000002c       0x2d S:/daten/_svn_/HW/Customer/Arrow/TEI0026/current/hdl/SC/current/software/SC_TEI0026_bsp\libhal_bsp.a(alt_load.o)
 .comment       0x000000000000002c       0x2d S:/daten/_svn_/HW/Customer/Arrow/TEI0026/current/hdl/SC/current/software/SC_TEI0026_bsp\libhal_bsp.a(alt_main.o)
 .comment       0x000000000000002c       0x2d S:/daten/_svn_/HW/Customer/Arrow/TEI0026/current/hdl/SC/current/software/SC_TEI0026_bsp\libhal_bsp.a(alt_write.o)
 .comment       0x000000000000002c       0x2d S:/daten/_svn_/HW/Customer/Arrow/TEI0026/current/hdl/SC/current/software/SC_TEI0026_bsp\libhal_bsp.a(alt_sys_init.o)
 .comment       0x000000000000002c       0x2d S:/daten/_svn_/HW/Customer/Arrow/TEI0026/current/hdl/SC/current/software/SC_TEI0026_bsp\libhal_bsp.a(altera_avalon_uart_read.o)
 .comment       0x000000000000002c       0x2d S:/daten/_svn_/HW/Customer/Arrow/TEI0026/current/hdl/SC/current/software/SC_TEI0026_bsp\libhal_bsp.a(altera_avalon_uart_write.o)
 .comment       0x000000000000002c       0x2d S:/daten/_svn_/HW/Customer/Arrow/TEI0026/current/hdl/SC/current/software/SC_TEI0026_bsp\libhal_bsp.a(alt_close.o)
 .comment       0x000000000000002c       0x2d S:/daten/_svn_/HW/Customer/Arrow/TEI0026/current/hdl/SC/current/software/SC_TEI0026_bsp\libhal_bsp.a(alt_dcache_flush_all.o)
 .comment       0x000000000000002c       0x2d S:/daten/_svn_/HW/Customer/Arrow/TEI0026/current/hdl/SC/current/software/SC_TEI0026_bsp\libhal_bsp.a(alt_dev.o)
 .comment       0x000000000000002c       0x2d S:/daten/_svn_/HW/Customer/Arrow/TEI0026/current/hdl/SC/current/software/SC_TEI0026_bsp\libhal_bsp.a(alt_errno.o)
 .comment       0x000000000000002c       0x2d S:/daten/_svn_/HW/Customer/Arrow/TEI0026/current/hdl/SC/current/software/SC_TEI0026_bsp\libhal_bsp.a(alt_icache_flush_all.o)
 .comment       0x000000000000002c       0x2d S:/daten/_svn_/HW/Customer/Arrow/TEI0026/current/hdl/SC/current/software/SC_TEI0026_bsp\libhal_bsp.a(altera_nios2_gen2_irq.o)
 .comment       0x000000000000002c       0x2d c:/intelfpga_lite/19.1/nios2eds/bin/gnu/h-x86_64-mingw32/bin/../lib/gcc/nios2-elf/8.3.1/../../../../../H-x86_64-mingw32/nios2-elf/lib/mno-hw-mul\libsmallc.a(lib_a-exit.o)
 .comment       0x000000000000002c       0x2d c:/intelfpga_lite/19.1/nios2eds/bin/gnu/h-x86_64-mingw32/bin/../lib/gcc/nios2-elf/8.3.1/../../../../../H-x86_64-mingw32/nios2-elf/lib/mno-hw-mul\libsmallc.a(lib_a-__call_atexit.o)
 .comment       0x000000000000002c       0x2d S:/daten/_svn_/HW/Customer/Arrow/TEI0026/current/hdl/SC/current/software/SC_TEI0026_bsp\libhal_bsp.a(alt_exit.o)

.debug
 *(.debug)

.line
 *(.line)

.debug_srcinfo
 *(.debug_srcinfo)

.debug_sfnames
 *(.debug_sfnames)

.debug_aranges  0x0000000000000000      0x368
 *(.debug_aranges)
 .debug_aranges
                0x0000000000000000       0x28 ../SC_TEI0026_bsp//obj/HAL/src/crt0.o
 .debug_aranges
                0x0000000000000028       0x20 obj/default/main.o
 .debug_aranges
                0x0000000000000048       0x28 c:/intelfpga_lite/19.1/nios2eds/bin/gnu/h-x86_64-mingw32/bin/../lib/gcc/nios2-elf/8.3.1/../../../../../H-x86_64-mingw32/nios2-elf/lib/mno-hw-mul\libsmallc.a(lib_a-printf.o)
 .debug_aranges
                0x0000000000000070       0x30 c:/intelfpga_lite/19.1/nios2eds/bin/gnu/h-x86_64-mingw32/bin/../lib/gcc/nios2-elf/8.3.1/../../../../../H-x86_64-mingw32/nios2-elf/lib/mno-hw-mul\libsmallc.a(lib_a-vfprintf.o)
 .debug_aranges
                0x00000000000000a0       0x20 c:/intelfpga_lite/19.1/nios2eds/bin/gnu/h-x86_64-mingw32/bin/../lib/gcc/nios2-elf/8.3.1/../../../../../H-x86_64-mingw32/nios2-elf/lib/mno-hw-mul\libsmallc.a(lib_a-fvwrite_small_dev.o)
 .debug_aranges
                0x00000000000000c0       0x18 c:/intelfpga_lite/19.1/nios2eds/bin/gnu/h-x86_64-mingw32/bin/../lib/gcc/nios2-elf/8.3.1/../../../../../H-x86_64-mingw32/nios2-elf/lib/mno-hw-mul\libsmallc.a(lib_a-impure.o)
 .debug_aranges
                0x00000000000000d8       0x20 c:/intelfpga_lite/19.1/nios2eds/bin/gnu/h-x86_64-mingw32/bin/../lib/gcc/nios2-elf/8.3.1/../../../../../H-x86_64-mingw32/nios2-elf/lib/mno-hw-mul\libsmallc.a(lib_a-strlen.o)
 .debug_aranges
                0x00000000000000f8       0x20 c:/intelfpga_lite/19.1/nios2eds/bin/gnu/h-x86_64-mingw32/bin/../lib/gcc/nios2-elf/8.3.1/../../../../../H-x86_64-mingw32/nios2-elf/lib/mno-hw-mul\libsmallc.a(lib_a-writer.o)
 .debug_aranges
                0x0000000000000118       0x18 c:/intelfpga_lite/19.1/nios2eds/bin/gnu/h-x86_64-mingw32/bin/../lib/gcc/nios2-elf/8.3.1/../../../../../H-x86_64-mingw32/nios2-elf/lib/mno-hw-mul\libsmallc.a(lib_a-int_errno.o)
 .debug_aranges
                0x0000000000000130       0x20 c:/intelfpga_lite/19.1/nios2eds/bin/gnu/h-x86_64-mingw32/bin/../lib/gcc/nios2-elf/8.3.1/mno-hw-mul\libgcc.a(lib2-divmod.o)
 .debug_aranges
                0x0000000000000150       0x20 c:/intelfpga_lite/19.1/nios2eds/bin/gnu/h-x86_64-mingw32/bin/../lib/gcc/nios2-elf/8.3.1/mno-hw-mul\libgcc.a(lib2-mul.o)
 .debug_aranges
                0x0000000000000170       0x20 S:/daten/_svn_/HW/Customer/Arrow/TEI0026/current/hdl/SC/current/software/SC_TEI0026_bsp\libhal_bsp.a(alt_getchar.o)
 .debug_aranges
                0x0000000000000190       0x20 S:/daten/_svn_/HW/Customer/Arrow/TEI0026/current/hdl/SC/current/software/SC_TEI0026_bsp\libhal_bsp.a(alt_load.o)
 .debug_aranges
                0x00000000000001b0       0x20 S:/daten/_svn_/HW/Customer/Arrow/TEI0026/current/hdl/SC/current/software/SC_TEI0026_bsp\libhal_bsp.a(alt_main.o)
 .debug_aranges
                0x00000000000001d0       0x20 S:/daten/_svn_/HW/Customer/Arrow/TEI0026/current/hdl/SC/current/software/SC_TEI0026_bsp\libhal_bsp.a(alt_write.o)
 .debug_aranges
                0x00000000000001f0       0x20 S:/daten/_svn_/HW/Customer/Arrow/TEI0026/current/hdl/SC/current/software/SC_TEI0026_bsp\libhal_bsp.a(alt_sys_init.o)
 .debug_aranges
                0x0000000000000210       0x20 S:/daten/_svn_/HW/Customer/Arrow/TEI0026/current/hdl/SC/current/software/SC_TEI0026_bsp\libhal_bsp.a(altera_avalon_uart_read.o)
 .debug_aranges
                0x0000000000000230       0x20 S:/daten/_svn_/HW/Customer/Arrow/TEI0026/current/hdl/SC/current/software/SC_TEI0026_bsp\libhal_bsp.a(altera_avalon_uart_write.o)
 .debug_aranges
                0x0000000000000250       0x20 S:/daten/_svn_/HW/Customer/Arrow/TEI0026/current/hdl/SC/current/software/SC_TEI0026_bsp\libhal_bsp.a(alt_close.o)
 .debug_aranges
                0x0000000000000270       0x20 S:/daten/_svn_/HW/Customer/Arrow/TEI0026/current/hdl/SC/current/software/SC_TEI0026_bsp\libhal_bsp.a(alt_dcache_flush_all.o)
 .debug_aranges
                0x0000000000000290       0x20 S:/daten/_svn_/HW/Customer/Arrow/TEI0026/current/hdl/SC/current/software/SC_TEI0026_bsp\libhal_bsp.a(alt_dev.o)
 .debug_aranges
                0x00000000000002b0       0x18 S:/daten/_svn_/HW/Customer/Arrow/TEI0026/current/hdl/SC/current/software/SC_TEI0026_bsp\libhal_bsp.a(alt_errno.o)
 .debug_aranges
                0x00000000000002c8       0x20 S:/daten/_svn_/HW/Customer/Arrow/TEI0026/current/hdl/SC/current/software/SC_TEI0026_bsp\libhal_bsp.a(alt_icache_flush_all.o)
 .debug_aranges
                0x00000000000002e8       0x20 S:/daten/_svn_/HW/Customer/Arrow/TEI0026/current/hdl/SC/current/software/SC_TEI0026_bsp\libhal_bsp.a(altera_nios2_gen2_irq.o)
 .debug_aranges
                0x0000000000000308       0x20 c:/intelfpga_lite/19.1/nios2eds/bin/gnu/h-x86_64-mingw32/bin/../lib/gcc/nios2-elf/8.3.1/../../../../../H-x86_64-mingw32/nios2-elf/lib/mno-hw-mul\libsmallc.a(lib_a-exit.o)
 .debug_aranges
                0x0000000000000328       0x20 c:/intelfpga_lite/19.1/nios2eds/bin/gnu/h-x86_64-mingw32/bin/../lib/gcc/nios2-elf/8.3.1/../../../../../H-x86_64-mingw32/nios2-elf/lib/mno-hw-mul\libsmallc.a(lib_a-__call_atexit.o)
 .debug_aranges
                0x0000000000000348       0x20 S:/daten/_svn_/HW/Customer/Arrow/TEI0026/current/hdl/SC/current/software/SC_TEI0026_bsp\libhal_bsp.a(alt_exit.o)

.debug_pubnames
 *(.debug_pubnames)

.debug_info     0x0000000000000000     0xf8a8
 *(.debug_info .gnu.linkonce.wi.*)
 .debug_info    0x0000000000000000       0x22 ../SC_TEI0026_bsp//obj/HAL/src/crt0.o
 .debug_info    0x0000000000000022      0xaaa obj/default/main.o
 .debug_info    0x0000000000000acc      0x92f c:/intelfpga_lite/19.1/nios2eds/bin/gnu/h-x86_64-mingw32/bin/../lib/gcc/nios2-elf/8.3.1/../../../../../H-x86_64-mingw32/nios2-elf/lib/mno-hw-mul\libsmallc.a(lib_a-printf.o)
 .debug_info    0x00000000000013fb     0x140e c:/intelfpga_lite/19.1/nios2eds/bin/gnu/h-x86_64-mingw32/bin/../lib/gcc/nios2-elf/8.3.1/../../../../../H-x86_64-mingw32/nios2-elf/lib/mno-hw-mul\libsmallc.a(lib_a-vfprintf.o)
 .debug_info    0x0000000000002809      0x8c4 c:/intelfpga_lite/19.1/nios2eds/bin/gnu/h-x86_64-mingw32/bin/../lib/gcc/nios2-elf/8.3.1/../../../../../H-x86_64-mingw32/nios2-elf/lib/mno-hw-mul\libsmallc.a(lib_a-fvwrite_small_dev.o)
 .debug_info    0x00000000000030cd      0x6e8 c:/intelfpga_lite/19.1/nios2eds/bin/gnu/h-x86_64-mingw32/bin/../lib/gcc/nios2-elf/8.3.1/../../../../../H-x86_64-mingw32/nios2-elf/lib/mno-hw-mul\libsmallc.a(lib_a-impure.o)
 .debug_info    0x00000000000037b5      0x649 c:/intelfpga_lite/19.1/nios2eds/bin/gnu/h-x86_64-mingw32/bin/../lib/gcc/nios2-elf/8.3.1/../../../../../H-x86_64-mingw32/nios2-elf/lib/mno-hw-mul\libsmallc.a(lib_a-strlen.o)
 .debug_info    0x0000000000003dfe      0x720 c:/intelfpga_lite/19.1/nios2eds/bin/gnu/h-x86_64-mingw32/bin/../lib/gcc/nios2-elf/8.3.1/../../../../../H-x86_64-mingw32/nios2-elf/lib/mno-hw-mul\libsmallc.a(lib_a-writer.o)
 .debug_info    0x000000000000451e      0x614 c:/intelfpga_lite/19.1/nios2eds/bin/gnu/h-x86_64-mingw32/bin/../lib/gcc/nios2-elf/8.3.1/../../../../../H-x86_64-mingw32/nios2-elf/lib/mno-hw-mul\libsmallc.a(lib_a-int_errno.o)
 .debug_info    0x0000000000004b32      0x368 c:/intelfpga_lite/19.1/nios2eds/bin/gnu/h-x86_64-mingw32/bin/../lib/gcc/nios2-elf/8.3.1/mno-hw-mul\libgcc.a(lib2-divmod.o)
 .debug_info    0x0000000000004e9a       0xcb c:/intelfpga_lite/19.1/nios2eds/bin/gnu/h-x86_64-mingw32/bin/../lib/gcc/nios2-elf/8.3.1/mno-hw-mul\libgcc.a(lib2-mul.o)
 .debug_info    0x0000000000004f65      0xc0e S:/daten/_svn_/HW/Customer/Arrow/TEI0026/current/hdl/SC/current/software/SC_TEI0026_bsp\libhal_bsp.a(alt_getchar.o)
 .debug_info    0x0000000000005b73      0x9f2 S:/daten/_svn_/HW/Customer/Arrow/TEI0026/current/hdl/SC/current/software/SC_TEI0026_bsp\libhal_bsp.a(alt_load.o)
 .debug_info    0x0000000000006565      0xe72 S:/daten/_svn_/HW/Customer/Arrow/TEI0026/current/hdl/SC/current/software/SC_TEI0026_bsp\libhal_bsp.a(alt_main.o)
 .debug_info    0x00000000000073d7      0xecf S:/daten/_svn_/HW/Customer/Arrow/TEI0026/current/hdl/SC/current/software/SC_TEI0026_bsp\libhal_bsp.a(alt_write.o)
 .debug_info    0x00000000000082a6      0x9d1 S:/daten/_svn_/HW/Customer/Arrow/TEI0026/current/hdl/SC/current/software/SC_TEI0026_bsp\libhal_bsp.a(alt_sys_init.o)
 .debug_info    0x0000000000008c77      0xa60 S:/daten/_svn_/HW/Customer/Arrow/TEI0026/current/hdl/SC/current/software/SC_TEI0026_bsp\libhal_bsp.a(altera_avalon_uart_read.o)
 .debug_info    0x00000000000096d7      0xa6f S:/daten/_svn_/HW/Customer/Arrow/TEI0026/current/hdl/SC/current/software/SC_TEI0026_bsp\libhal_bsp.a(altera_avalon_uart_write.o)
 .debug_info    0x000000000000a146      0xc40 S:/daten/_svn_/HW/Customer/Arrow/TEI0026/current/hdl/SC/current/software/SC_TEI0026_bsp\libhal_bsp.a(alt_close.o)
 .debug_info    0x000000000000ad86      0x931 S:/daten/_svn_/HW/Customer/Arrow/TEI0026/current/hdl/SC/current/software/SC_TEI0026_bsp\libhal_bsp.a(alt_dcache_flush_all.o)
 .debug_info    0x000000000000b6b7      0xe91 S:/daten/_svn_/HW/Customer/Arrow/TEI0026/current/hdl/SC/current/software/SC_TEI0026_bsp\libhal_bsp.a(alt_dev.o)
 .debug_info    0x000000000000c548      0x96f S:/daten/_svn_/HW/Customer/Arrow/TEI0026/current/hdl/SC/current/software/SC_TEI0026_bsp\libhal_bsp.a(alt_errno.o)
 .debug_info    0x000000000000ceb7      0x931 S:/daten/_svn_/HW/Customer/Arrow/TEI0026/current/hdl/SC/current/software/SC_TEI0026_bsp\libhal_bsp.a(alt_icache_flush_all.o)
 .debug_info    0x000000000000d7e8      0x952 S:/daten/_svn_/HW/Customer/Arrow/TEI0026/current/hdl/SC/current/software/SC_TEI0026_bsp\libhal_bsp.a(altera_nios2_gen2_irq.o)
 .debug_info    0x000000000000e13a      0x6c4 c:/intelfpga_lite/19.1/nios2eds/bin/gnu/h-x86_64-mingw32/bin/../lib/gcc/nios2-elf/8.3.1/../../../../../H-x86_64-mingw32/nios2-elf/lib/mno-hw-mul\libsmallc.a(lib_a-exit.o)
 .debug_info    0x000000000000e7fe      0x6f9 c:/intelfpga_lite/19.1/nios2eds/bin/gnu/h-x86_64-mingw32/bin/../lib/gcc/nios2-elf/8.3.1/../../../../../H-x86_64-mingw32/nios2-elf/lib/mno-hw-mul\libsmallc.a(lib_a-__call_atexit.o)
 .debug_info    0x000000000000eef7      0x9b1 S:/daten/_svn_/HW/Customer/Arrow/TEI0026/current/hdl/SC/current/software/SC_TEI0026_bsp\libhal_bsp.a(alt_exit.o)

.debug_abbrev   0x0000000000000000     0x33c3
 *(.debug_abbrev)
 .debug_abbrev  0x0000000000000000       0x12 ../SC_TEI0026_bsp//obj/HAL/src/crt0.o
 .debug_abbrev  0x0000000000000012      0x251 obj/default/main.o
 .debug_abbrev  0x0000000000000263      0x24e c:/intelfpga_lite/19.1/nios2eds/bin/gnu/h-x86_64-mingw32/bin/../lib/gcc/nios2-elf/8.3.1/../../../../../H-x86_64-mingw32/nios2-elf/lib/mno-hw-mul\libsmallc.a(lib_a-printf.o)
 .debug_abbrev  0x00000000000004b1      0x34f c:/intelfpga_lite/19.1/nios2eds/bin/gnu/h-x86_64-mingw32/bin/../lib/gcc/nios2-elf/8.3.1/../../../../../H-x86_64-mingw32/nios2-elf/lib/mno-hw-mul\libsmallc.a(lib_a-vfprintf.o)
 .debug_abbrev  0x0000000000000800      0x238 c:/intelfpga_lite/19.1/nios2eds/bin/gnu/h-x86_64-mingw32/bin/../lib/gcc/nios2-elf/8.3.1/../../../../../H-x86_64-mingw32/nios2-elf/lib/mno-hw-mul\libsmallc.a(lib_a-fvwrite_small_dev.o)
 .debug_abbrev  0x0000000000000a38      0x18d c:/intelfpga_lite/19.1/nios2eds/bin/gnu/h-x86_64-mingw32/bin/../lib/gcc/nios2-elf/8.3.1/../../../../../H-x86_64-mingw32/nios2-elf/lib/mno-hw-mul\libsmallc.a(lib_a-impure.o)
 .debug_abbrev  0x0000000000000bc5      0x1a8 c:/intelfpga_lite/19.1/nios2eds/bin/gnu/h-x86_64-mingw32/bin/../lib/gcc/nios2-elf/8.3.1/../../../../../H-x86_64-mingw32/nios2-elf/lib/mno-hw-mul\libsmallc.a(lib_a-strlen.o)
 .debug_abbrev  0x0000000000000d6d      0x1ec c:/intelfpga_lite/19.1/nios2eds/bin/gnu/h-x86_64-mingw32/bin/../lib/gcc/nios2-elf/8.3.1/../../../../../H-x86_64-mingw32/nios2-elf/lib/mno-hw-mul\libsmallc.a(lib_a-writer.o)
 .debug_abbrev  0x0000000000000f59      0x186 c:/intelfpga_lite/19.1/nios2eds/bin/gnu/h-x86_64-mingw32/bin/../lib/gcc/nios2-elf/8.3.1/../../../../../H-x86_64-mingw32/nios2-elf/lib/mno-hw-mul\libsmallc.a(lib_a-int_errno.o)
 .debug_abbrev  0x00000000000010df      0x103 c:/intelfpga_lite/19.1/nios2eds/bin/gnu/h-x86_64-mingw32/bin/../lib/gcc/nios2-elf/8.3.1/mno-hw-mul\libgcc.a(lib2-divmod.o)
 .debug_abbrev  0x00000000000011e2       0x7d c:/intelfpga_lite/19.1/nios2eds/bin/gnu/h-x86_64-mingw32/bin/../lib/gcc/nios2-elf/8.3.1/mno-hw-mul\libgcc.a(lib2-mul.o)
 .debug_abbrev  0x000000000000125f      0x211 S:/daten/_svn_/HW/Customer/Arrow/TEI0026/current/hdl/SC/current/software/SC_TEI0026_bsp\libhal_bsp.a(alt_getchar.o)
 .debug_abbrev  0x0000000000001470      0x21c S:/daten/_svn_/HW/Customer/Arrow/TEI0026/current/hdl/SC/current/software/SC_TEI0026_bsp\libhal_bsp.a(alt_load.o)
 .debug_abbrev  0x000000000000168c      0x21e S:/daten/_svn_/HW/Customer/Arrow/TEI0026/current/hdl/SC/current/software/SC_TEI0026_bsp\libhal_bsp.a(alt_main.o)
 .debug_abbrev  0x00000000000018aa      0x248 S:/daten/_svn_/HW/Customer/Arrow/TEI0026/current/hdl/SC/current/software/SC_TEI0026_bsp\libhal_bsp.a(alt_write.o)
 .debug_abbrev  0x0000000000001af2      0x24c S:/daten/_svn_/HW/Customer/Arrow/TEI0026/current/hdl/SC/current/software/SC_TEI0026_bsp\libhal_bsp.a(alt_sys_init.o)
 .debug_abbrev  0x0000000000001d3e      0x23f S:/daten/_svn_/HW/Customer/Arrow/TEI0026/current/hdl/SC/current/software/SC_TEI0026_bsp\libhal_bsp.a(altera_avalon_uart_read.o)
 .debug_abbrev  0x0000000000001f7d      0x23f S:/daten/_svn_/HW/Customer/Arrow/TEI0026/current/hdl/SC/current/software/SC_TEI0026_bsp\libhal_bsp.a(altera_avalon_uart_write.o)
 .debug_abbrev  0x00000000000021bc      0x21d S:/daten/_svn_/HW/Customer/Arrow/TEI0026/current/hdl/SC/current/software/SC_TEI0026_bsp\libhal_bsp.a(alt_close.o)
 .debug_abbrev  0x00000000000023d9      0x1e0 S:/daten/_svn_/HW/Customer/Arrow/TEI0026/current/hdl/SC/current/software/SC_TEI0026_bsp\libhal_bsp.a(alt_dcache_flush_all.o)
 .debug_abbrev  0x00000000000025b9      0x212 S:/daten/_svn_/HW/Customer/Arrow/TEI0026/current/hdl/SC/current/software/SC_TEI0026_bsp\libhal_bsp.a(alt_dev.o)
 .debug_abbrev  0x00000000000027cb      0x1df S:/daten/_svn_/HW/Customer/Arrow/TEI0026/current/hdl/SC/current/software/SC_TEI0026_bsp\libhal_bsp.a(alt_errno.o)
 .debug_abbrev  0x00000000000029aa      0x1e0 S:/daten/_svn_/HW/Customer/Arrow/TEI0026/current/hdl/SC/current/software/SC_TEI0026_bsp\libhal_bsp.a(alt_icache_flush_all.o)
 .debug_abbrev  0x0000000000002b8a      0x1e5 S:/daten/_svn_/HW/Customer/Arrow/TEI0026/current/hdl/SC/current/software/SC_TEI0026_bsp\libhal_bsp.a(altera_nios2_gen2_irq.o)
 .debug_abbrev  0x0000000000002d6f      0x1e1 c:/intelfpga_lite/19.1/nios2eds/bin/gnu/h-x86_64-mingw32/bin/../lib/gcc/nios2-elf/8.3.1/../../../../../H-x86_64-mingw32/nios2-elf/lib/mno-hw-mul\libsmallc.a(lib_a-exit.o)
 .debug_abbrev  0x0000000000002f50      0x21d c:/intelfpga_lite/19.1/nios2eds/bin/gnu/h-x86_64-mingw32/bin/../lib/gcc/nios2-elf/8.3.1/../../../../../H-x86_64-mingw32/nios2-elf/lib/mno-hw-mul\libsmallc.a(lib_a-__call_atexit.o)
 .debug_abbrev  0x000000000000316d      0x256 S:/daten/_svn_/HW/Customer/Arrow/TEI0026/current/hdl/SC/current/software/SC_TEI0026_bsp\libhal_bsp.a(alt_exit.o)

.debug_line     0x0000000000000000     0x3a7d
 *(.debug_line)
 .debug_line    0x0000000000000000       0x66 ../SC_TEI0026_bsp//obj/HAL/src/crt0.o
 .debug_line    0x0000000000000066      0x42e obj/default/main.o
 .debug_line    0x0000000000000494      0x261 c:/intelfpga_lite/19.1/nios2eds/bin/gnu/h-x86_64-mingw32/bin/../lib/gcc/nios2-elf/8.3.1/../../../../../H-x86_64-mingw32/nios2-elf/lib/mno-hw-mul\libsmallc.a(lib_a-printf.o)
 .debug_line    0x00000000000006f5      0x74a c:/intelfpga_lite/19.1/nios2eds/bin/gnu/h-x86_64-mingw32/bin/../lib/gcc/nios2-elf/8.3.1/../../../../../H-x86_64-mingw32/nios2-elf/lib/mno-hw-mul\libsmallc.a(lib_a-vfprintf.o)
 .debug_line    0x0000000000000e3f      0x270 c:/intelfpga_lite/19.1/nios2eds/bin/gnu/h-x86_64-mingw32/bin/../lib/gcc/nios2-elf/8.3.1/../../../../../H-x86_64-mingw32/nios2-elf/lib/mno-hw-mul\libsmallc.a(lib_a-fvwrite_small_dev.o)
 .debug_line    0x00000000000010af      0x15a c:/intelfpga_lite/19.1/nios2eds/bin/gnu/h-x86_64-mingw32/bin/../lib/gcc/nios2-elf/8.3.1/../../../../../H-x86_64-mingw32/nios2-elf/lib/mno-hw-mul\libsmallc.a(lib_a-impure.o)
 .debug_line    0x0000000000001209      0x1f7 c:/intelfpga_lite/19.1/nios2eds/bin/gnu/h-x86_64-mingw32/bin/../lib/gcc/nios2-elf/8.3.1/../../../../../H-x86_64-mingw32/nios2-elf/lib/mno-hw-mul\libsmallc.a(lib_a-strlen.o)
 .debug_line    0x0000000000001400      0x226 c:/intelfpga_lite/19.1/nios2eds/bin/gnu/h-x86_64-mingw32/bin/../lib/gcc/nios2-elf/8.3.1/../../../../../H-x86_64-mingw32/nios2-elf/lib/mno-hw-mul\libsmallc.a(lib_a-writer.o)
 .debug_line    0x0000000000001626      0x1cb c:/intelfpga_lite/19.1/nios2eds/bin/gnu/h-x86_64-mingw32/bin/../lib/gcc/nios2-elf/8.3.1/../../../../../H-x86_64-mingw32/nios2-elf/lib/mno-hw-mul\libsmallc.a(lib_a-int_errno.o)
 .debug_line    0x00000000000017f1      0x307 c:/intelfpga_lite/19.1/nios2eds/bin/gnu/h-x86_64-mingw32/bin/../lib/gcc/nios2-elf/8.3.1/mno-hw-mul\libgcc.a(lib2-divmod.o)
 .debug_line    0x0000000000001af8       0xb3 c:/intelfpga_lite/19.1/nios2eds/bin/gnu/h-x86_64-mingw32/bin/../lib/gcc/nios2-elf/8.3.1/mno-hw-mul\libgcc.a(lib2-mul.o)
 .debug_line    0x0000000000001bab      0x19f S:/daten/_svn_/HW/Customer/Arrow/TEI0026/current/hdl/SC/current/software/SC_TEI0026_bsp\libhal_bsp.a(alt_getchar.o)
 .debug_line    0x0000000000001d4a      0x1d2 S:/daten/_svn_/HW/Customer/Arrow/TEI0026/current/hdl/SC/current/software/SC_TEI0026_bsp\libhal_bsp.a(alt_load.o)
 .debug_line    0x0000000000001f1c      0x29f S:/daten/_svn_/HW/Customer/Arrow/TEI0026/current/hdl/SC/current/software/SC_TEI0026_bsp\libhal_bsp.a(alt_main.o)
 .debug_line    0x00000000000021bb      0x2c1 S:/daten/_svn_/HW/Customer/Arrow/TEI0026/current/hdl/SC/current/software/SC_TEI0026_bsp\libhal_bsp.a(alt_write.o)
 .debug_line    0x000000000000247c      0x177 S:/daten/_svn_/HW/Customer/Arrow/TEI0026/current/hdl/SC/current/software/SC_TEI0026_bsp\libhal_bsp.a(alt_sys_init.o)
 .debug_line    0x00000000000025f3      0x247 S:/daten/_svn_/HW/Customer/Arrow/TEI0026/current/hdl/SC/current/software/SC_TEI0026_bsp\libhal_bsp.a(altera_avalon_uart_read.o)
 .debug_line    0x000000000000283a      0x248 S:/daten/_svn_/HW/Customer/Arrow/TEI0026/current/hdl/SC/current/software/SC_TEI0026_bsp\libhal_bsp.a(altera_avalon_uart_write.o)
 .debug_line    0x0000000000002a82      0x1d7 S:/daten/_svn_/HW/Customer/Arrow/TEI0026/current/hdl/SC/current/software/SC_TEI0026_bsp\libhal_bsp.a(alt_close.o)
 .debug_line    0x0000000000002c59      0x17f S:/daten/_svn_/HW/Customer/Arrow/TEI0026/current/hdl/SC/current/software/SC_TEI0026_bsp\libhal_bsp.a(alt_dcache_flush_all.o)
 .debug_line    0x0000000000002dd8      0x276 S:/daten/_svn_/HW/Customer/Arrow/TEI0026/current/hdl/SC/current/software/SC_TEI0026_bsp\libhal_bsp.a(alt_dev.o)
 .debug_line    0x000000000000304e      0x131 S:/daten/_svn_/HW/Customer/Arrow/TEI0026/current/hdl/SC/current/software/SC_TEI0026_bsp\libhal_bsp.a(alt_errno.o)
 .debug_line    0x000000000000317f      0x17d S:/daten/_svn_/HW/Customer/Arrow/TEI0026/current/hdl/SC/current/software/SC_TEI0026_bsp\libhal_bsp.a(alt_icache_flush_all.o)
 .debug_line    0x00000000000032fc      0x137 S:/daten/_svn_/HW/Customer/Arrow/TEI0026/current/hdl/SC/current/software/SC_TEI0026_bsp\libhal_bsp.a(altera_nios2_gen2_irq.o)
 .debug_line    0x0000000000003433      0x209 c:/intelfpga_lite/19.1/nios2eds/bin/gnu/h-x86_64-mingw32/bin/../lib/gcc/nios2-elf/8.3.1/../../../../../H-x86_64-mingw32/nios2-elf/lib/mno-hw-mul\libsmallc.a(lib_a-exit.o)
 .debug_line    0x000000000000363c      0x2e4 c:/intelfpga_lite/19.1/nios2eds/bin/gnu/h-x86_64-mingw32/bin/../lib/gcc/nios2-elf/8.3.1/../../../../../H-x86_64-mingw32/nios2-elf/lib/mno-hw-mul\libsmallc.a(lib_a-__call_atexit.o)
 .debug_line    0x0000000000003920      0x15d S:/daten/_svn_/HW/Customer/Arrow/TEI0026/current/hdl/SC/current/software/SC_TEI0026_bsp\libhal_bsp.a(alt_exit.o)

.debug_frame    0x0000000000000000      0x610
 *(.debug_frame)
 .debug_frame   0x0000000000000000       0x2c obj/default/main.o
 .debug_frame   0x000000000000002c       0x48 c:/intelfpga_lite/19.1/nios2eds/bin/gnu/h-x86_64-mingw32/bin/../lib/gcc/nios2-elf/8.3.1/../../../../../H-x86_64-mingw32/nios2-elf/lib/mno-hw-mul\libsmallc.a(lib_a-printf.o)
 .debug_frame   0x0000000000000074       0x90 c:/intelfpga_lite/19.1/nios2eds/bin/gnu/h-x86_64-mingw32/bin/../lib/gcc/nios2-elf/8.3.1/../../../../../H-x86_64-mingw32/nios2-elf/lib/mno-hw-mul\libsmallc.a(lib_a-vfprintf.o)
 .debug_frame   0x0000000000000104       0x3c c:/intelfpga_lite/19.1/nios2eds/bin/gnu/h-x86_64-mingw32/bin/../lib/gcc/nios2-elf/8.3.1/../../../../../H-x86_64-mingw32/nios2-elf/lib/mno-hw-mul\libsmallc.a(lib_a-fvwrite_small_dev.o)
 .debug_frame   0x0000000000000140       0x20 c:/intelfpga_lite/19.1/nios2eds/bin/gnu/h-x86_64-mingw32/bin/../lib/gcc/nios2-elf/8.3.1/../../../../../H-x86_64-mingw32/nios2-elf/lib/mno-hw-mul\libsmallc.a(lib_a-strlen.o)
 .debug_frame   0x0000000000000160       0x30 c:/intelfpga_lite/19.1/nios2eds/bin/gnu/h-x86_64-mingw32/bin/../lib/gcc/nios2-elf/8.3.1/../../../../../H-x86_64-mingw32/nios2-elf/lib/mno-hw-mul\libsmallc.a(lib_a-writer.o)
 .debug_frame   0x0000000000000190       0x50 c:/intelfpga_lite/19.1/nios2eds/bin/gnu/h-x86_64-mingw32/bin/../lib/gcc/nios2-elf/8.3.1/mno-hw-mul\libgcc.a(lib2-divmod.o)
 .debug_frame   0x00000000000001e0       0x20 c:/intelfpga_lite/19.1/nios2eds/bin/gnu/h-x86_64-mingw32/bin/../lib/gcc/nios2-elf/8.3.1/mno-hw-mul\libgcc.a(lib2-mul.o)
 .debug_frame   0x0000000000000200       0x38 S:/daten/_svn_/HW/Customer/Arrow/TEI0026/current/hdl/SC/current/software/SC_TEI0026_bsp\libhal_bsp.a(alt_getchar.o)
 .debug_frame   0x0000000000000238       0x5c S:/daten/_svn_/HW/Customer/Arrow/TEI0026/current/hdl/SC/current/software/SC_TEI0026_bsp\libhal_bsp.a(alt_load.o)
 .debug_frame   0x0000000000000294       0x2c S:/daten/_svn_/HW/Customer/Arrow/TEI0026/current/hdl/SC/current/software/SC_TEI0026_bsp\libhal_bsp.a(alt_main.o)
 .debug_frame   0x00000000000002c0       0x60 S:/daten/_svn_/HW/Customer/Arrow/TEI0026/current/hdl/SC/current/software/SC_TEI0026_bsp\libhal_bsp.a(alt_write.o)
 .debug_frame   0x0000000000000320       0x5c S:/daten/_svn_/HW/Customer/Arrow/TEI0026/current/hdl/SC/current/software/SC_TEI0026_bsp\libhal_bsp.a(alt_sys_init.o)
 .debug_frame   0x000000000000037c       0x60 S:/daten/_svn_/HW/Customer/Arrow/TEI0026/current/hdl/SC/current/software/SC_TEI0026_bsp\libhal_bsp.a(altera_avalon_uart_read.o)
 .debug_frame   0x00000000000003dc       0x60 S:/daten/_svn_/HW/Customer/Arrow/TEI0026/current/hdl/SC/current/software/SC_TEI0026_bsp\libhal_bsp.a(altera_avalon_uart_write.o)
 .debug_frame   0x000000000000043c       0x60 S:/daten/_svn_/HW/Customer/Arrow/TEI0026/current/hdl/SC/current/software/SC_TEI0026_bsp\libhal_bsp.a(alt_close.o)
 .debug_frame   0x000000000000049c       0x34 S:/daten/_svn_/HW/Customer/Arrow/TEI0026/current/hdl/SC/current/software/SC_TEI0026_bsp\libhal_bsp.a(alt_dcache_flush_all.o)
 .debug_frame   0x00000000000004d0       0x34 S:/daten/_svn_/HW/Customer/Arrow/TEI0026/current/hdl/SC/current/software/SC_TEI0026_bsp\libhal_bsp.a(alt_dev.o)
 .debug_frame   0x0000000000000504       0x34 S:/daten/_svn_/HW/Customer/Arrow/TEI0026/current/hdl/SC/current/software/SC_TEI0026_bsp\libhal_bsp.a(alt_icache_flush_all.o)
 .debug_frame   0x0000000000000538       0x34 S:/daten/_svn_/HW/Customer/Arrow/TEI0026/current/hdl/SC/current/software/SC_TEI0026_bsp\libhal_bsp.a(altera_nios2_gen2_irq.o)
 .debug_frame   0x000000000000056c       0x28 c:/intelfpga_lite/19.1/nios2eds/bin/gnu/h-x86_64-mingw32/bin/../lib/gcc/nios2-elf/8.3.1/../../../../../H-x86_64-mingw32/nios2-elf/lib/mno-hw-mul\libsmallc.a(lib_a-exit.o)
 .debug_frame   0x0000000000000594       0x50 c:/intelfpga_lite/19.1/nios2eds/bin/gnu/h-x86_64-mingw32/bin/../lib/gcc/nios2-elf/8.3.1/../../../../../H-x86_64-mingw32/nios2-elf/lib/mno-hw-mul\libsmallc.a(lib_a-__call_atexit.o)
 .debug_frame   0x00000000000005e4       0x2c S:/daten/_svn_/HW/Customer/Arrow/TEI0026/current/hdl/SC/current/software/SC_TEI0026_bsp\libhal_bsp.a(alt_exit.o)

.debug_str      0x0000000000000000     0x183e
 *(.debug_str)
 .debug_str     0x0000000000000000       0x76 ../SC_TEI0026_bsp//obj/HAL/src/crt0.o
 .debug_str     0x0000000000000076      0x4d3 obj/default/main.o
                                        0x5af (size before relaxing)
 .debug_str     0x0000000000000549      0x308 c:/intelfpga_lite/19.1/nios2eds/bin/gnu/h-x86_64-mingw32/bin/../lib/gcc/nios2-elf/8.3.1/../../../../../H-x86_64-mingw32/nios2-elf/lib/mno-hw-mul\libsmallc.a(lib_a-printf.o)
                                        0x65a (size before relaxing)
 .debug_str     0x0000000000000851      0x465 c:/intelfpga_lite/19.1/nios2eds/bin/gnu/h-x86_64-mingw32/bin/../lib/gcc/nios2-elf/8.3.1/../../../../../H-x86_64-mingw32/nios2-elf/lib/mno-hw-mul\libsmallc.a(lib_a-vfprintf.o)
                                        0xb4d (size before relaxing)
 .debug_str     0x0000000000000cb6       0x7a c:/intelfpga_lite/19.1/nios2eds/bin/gnu/h-x86_64-mingw32/bin/../lib/gcc/nios2-elf/8.3.1/../../../../../H-x86_64-mingw32/nios2-elf/lib/mno-hw-mul\libsmallc.a(lib_a-fvwrite_small_dev.o)
                                        0x636 (size before relaxing)
 .debug_str     0x0000000000000d30      0x11d c:/intelfpga_lite/19.1/nios2eds/bin/gnu/h-x86_64-mingw32/bin/../lib/gcc/nios2-elf/8.3.1/../../../../../H-x86_64-mingw32/nios2-elf/lib/mno-hw-mul\libsmallc.a(lib_a-impure.o)
                                        0x527 (size before relaxing)
 .debug_str     0x0000000000000e4d       0xd4 c:/intelfpga_lite/19.1/nios2eds/bin/gnu/h-x86_64-mingw32/bin/../lib/gcc/nios2-elf/8.3.1/../../../../../H-x86_64-mingw32/nios2-elf/lib/mno-hw-mul\libsmallc.a(lib_a-strlen.o)
                                        0x4d0 (size before relaxing)
 .debug_str     0x0000000000000f21       0x47 c:/intelfpga_lite/19.1/nios2eds/bin/gnu/h-x86_64-mingw32/bin/../lib/gcc/nios2-elf/8.3.1/../../../../../H-x86_64-mingw32/nios2-elf/lib/mno-hw-mul\libsmallc.a(lib_a-writer.o)
                                        0x50c (size before relaxing)
 .debug_str     0x0000000000000f68       0x41 c:/intelfpga_lite/19.1/nios2eds/bin/gnu/h-x86_64-mingw32/bin/../lib/gcc/nios2-elf/8.3.1/../../../../../H-x86_64-mingw32/nios2-elf/lib/mno-hw-mul\libsmallc.a(lib_a-int_errno.o)
                                        0x4cd (size before relaxing)
 .debug_str     0x0000000000000fa9      0x192 c:/intelfpga_lite/19.1/nios2eds/bin/gnu/h-x86_64-mingw32/bin/../lib/gcc/nios2-elf/8.3.1/mno-hw-mul\libgcc.a(lib2-divmod.o)
                                        0x1dd (size before relaxing)
 .debug_str     0x000000000000113b       0x42 c:/intelfpga_lite/19.1/nios2eds/bin/gnu/h-x86_64-mingw32/bin/../lib/gcc/nios2-elf/8.3.1/mno-hw-mul\libgcc.a(lib2-mul.o)
                                        0x19e (size before relaxing)
 .debug_str     0x000000000000117d       0xeb S:/daten/_svn_/HW/Customer/Arrow/TEI0026/current/hdl/SC/current/software/SC_TEI0026_bsp\libhal_bsp.a(alt_getchar.o)
                                        0x66f (size before relaxing)
 .debug_str     0x0000000000001268       0xf1 S:/daten/_svn_/HW/Customer/Arrow/TEI0026/current/hdl/SC/current/software/SC_TEI0026_bsp\libhal_bsp.a(alt_load.o)
                                        0x619 (size before relaxing)
 .debug_str     0x0000000000001359      0x169 S:/daten/_svn_/HW/Customer/Arrow/TEI0026/current/hdl/SC/current/software/SC_TEI0026_bsp\libhal_bsp.a(alt_main.o)
                                        0x7e6 (size before relaxing)
 .debug_str     0x00000000000014c2       0x45 S:/daten/_svn_/HW/Customer/Arrow/TEI0026/current/hdl/SC/current/software/SC_TEI0026_bsp\libhal_bsp.a(alt_write.o)
                                        0x808 (size before relaxing)
 .debug_str     0x0000000000001507       0x60 S:/daten/_svn_/HW/Customer/Arrow/TEI0026/current/hdl/SC/current/software/SC_TEI0026_bsp\libhal_bsp.a(alt_sys_init.o)
                                        0x5ba (size before relaxing)
 .debug_str     0x0000000000001567       0x2c S:/daten/_svn_/HW/Customer/Arrow/TEI0026/current/hdl/SC/current/software/SC_TEI0026_bsp\libhal_bsp.a(altera_avalon_uart_read.o)
                                        0x600 (size before relaxing)
 .debug_str     0x0000000000001593       0x27 S:/daten/_svn_/HW/Customer/Arrow/TEI0026/current/hdl/SC/current/software/SC_TEI0026_bsp\libhal_bsp.a(altera_avalon_uart_write.o)
                                        0x608 (size before relaxing)
 .debug_str     0x00000000000015ba       0x1b S:/daten/_svn_/HW/Customer/Arrow/TEI0026/current/hdl/SC/current/software/SC_TEI0026_bsp\libhal_bsp.a(alt_close.o)
                                        0x665 (size before relaxing)
 .debug_str     0x00000000000015d5       0x34 S:/daten/_svn_/HW/Customer/Arrow/TEI0026/current/hdl/SC/current/software/SC_TEI0026_bsp\libhal_bsp.a(alt_dcache_flush_all.o)
                                        0x55c (size before relaxing)
 .debug_str     0x0000000000001609       0x32 S:/daten/_svn_/HW/Customer/Arrow/TEI0026/current/hdl/SC/current/software/SC_TEI0026_bsp\libhal_bsp.a(alt_dev.o)
                                        0x7c3 (size before relaxing)
 .debug_str     0x000000000000163b       0x14 S:/daten/_svn_/HW/Customer/Arrow/TEI0026/current/hdl/SC/current/software/SC_TEI0026_bsp\libhal_bsp.a(alt_errno.o)
                                        0x559 (size before relaxing)
 .debug_str     0x000000000000164f       0x34 S:/daten/_svn_/HW/Customer/Arrow/TEI0026/current/hdl/SC/current/software/SC_TEI0026_bsp\libhal_bsp.a(alt_icache_flush_all.o)
                                        0x55c (size before relaxing)
 .debug_str     0x0000000000001683       0x3b S:/daten/_svn_/HW/Customer/Arrow/TEI0026/current/hdl/SC/current/software/SC_TEI0026_bsp\libhal_bsp.a(altera_nios2_gen2_irq.o)
                                        0x570 (size before relaxing)
 .debug_str     0x00000000000016be       0xe9 c:/intelfpga_lite/19.1/nios2eds/bin/gnu/h-x86_64-mingw32/bin/../lib/gcc/nios2-elf/8.3.1/../../../../../H-x86_64-mingw32/nios2-elf/lib/mno-hw-mul\libsmallc.a(lib_a-exit.o)
                                        0x512 (size before relaxing)
 .debug_str     0x00000000000017a7       0x6d c:/intelfpga_lite/19.1/nios2eds/bin/gnu/h-x86_64-mingw32/bin/../lib/gcc/nios2-elf/8.3.1/../../../../../H-x86_64-mingw32/nios2-elf/lib/mno-hw-mul\libsmallc.a(lib_a-__call_atexit.o)
                                        0x50f (size before relaxing)
 .debug_str     0x0000000000001814       0x2a S:/daten/_svn_/HW/Customer/Arrow/TEI0026/current/hdl/SC/current/software/SC_TEI0026_bsp\libhal_bsp.a(alt_exit.o)
                                        0x565 (size before relaxing)

.debug_loc      0x0000000000000000     0x16bf
 *(.debug_loc)
 .debug_loc     0x0000000000000000      0x10a c:/intelfpga_lite/19.1/nios2eds/bin/gnu/h-x86_64-mingw32/bin/../lib/gcc/nios2-elf/8.3.1/../../../../../H-x86_64-mingw32/nios2-elf/lib/mno-hw-mul\libsmallc.a(lib_a-printf.o)
 .debug_loc     0x000000000000010a      0xb4a c:/intelfpga_lite/19.1/nios2eds/bin/gnu/h-x86_64-mingw32/bin/../lib/gcc/nios2-elf/8.3.1/../../../../../H-x86_64-mingw32/nios2-elf/lib/mno-hw-mul\libsmallc.a(lib_a-vfprintf.o)
 .debug_loc     0x0000000000000c54      0x123 c:/intelfpga_lite/19.1/nios2eds/bin/gnu/h-x86_64-mingw32/bin/../lib/gcc/nios2-elf/8.3.1/../../../../../H-x86_64-mingw32/nios2-elf/lib/mno-hw-mul\libsmallc.a(lib_a-fvwrite_small_dev.o)
 .debug_loc     0x0000000000000d77       0x44 c:/intelfpga_lite/19.1/nios2eds/bin/gnu/h-x86_64-mingw32/bin/../lib/gcc/nios2-elf/8.3.1/../../../../../H-x86_64-mingw32/nios2-elf/lib/mno-hw-mul\libsmallc.a(lib_a-strlen.o)
 .debug_loc     0x0000000000000dbb       0xd0 c:/intelfpga_lite/19.1/nios2eds/bin/gnu/h-x86_64-mingw32/bin/../lib/gcc/nios2-elf/8.3.1/../../../../../H-x86_64-mingw32/nios2-elf/lib/mno-hw-mul\libsmallc.a(lib_a-writer.o)
 .debug_loc     0x0000000000000e8b      0x5f7 c:/intelfpga_lite/19.1/nios2eds/bin/gnu/h-x86_64-mingw32/bin/../lib/gcc/nios2-elf/8.3.1/mno-hw-mul\libgcc.a(lib2-divmod.o)
 .debug_loc     0x0000000000001482       0xa7 c:/intelfpga_lite/19.1/nios2eds/bin/gnu/h-x86_64-mingw32/bin/../lib/gcc/nios2-elf/8.3.1/mno-hw-mul\libgcc.a(lib2-mul.o)
 .debug_loc     0x0000000000001529       0x22 c:/intelfpga_lite/19.1/nios2eds/bin/gnu/h-x86_64-mingw32/bin/../lib/gcc/nios2-elf/8.3.1/../../../../../H-x86_64-mingw32/nios2-elf/lib/mno-hw-mul\libsmallc.a(lib_a-exit.o)
 .debug_loc     0x000000000000154b      0x174 c:/intelfpga_lite/19.1/nios2eds/bin/gnu/h-x86_64-mingw32/bin/../lib/gcc/nios2-elf/8.3.1/../../../../../H-x86_64-mingw32/nios2-elf/lib/mno-hw-mul\libsmallc.a(lib_a-__call_atexit.o)

.debug_macinfo
 *(.debug_macinfo)

.debug_weaknames
 *(.debug_weaknames)

.debug_funcnames
 *(.debug_funcnames)

.debug_typenames
 *(.debug_typenames)

.debug_varnames
 *(.debug_varnames)

.debug_alt_sim_info
                0x0000000000000000       0x10
 *(.debug_alt_sim_info)
 .debug_alt_sim_info
                0x0000000000000000       0x10 ../SC_TEI0026_bsp//obj/HAL/src/crt0.o
                0x0000000000010000                __alt_data_end = 0x10000
                0x0000000000010000                PROVIDE (__alt_stack_pointer = __alt_data_end)
                [!provide]                        PROVIDE (__alt_stack_limit = __alt_stack_base)
                [!provide]                        PROVIDE (__alt_heap_start = end)
                [!provide]                        PROVIDE (__alt_heap_limit = 0x10000)
OUTPUT(SC_TEI0026.elf elf32-littlenios2)

.debug_ranges   0x0000000000000000      0x210
 .debug_ranges  0x0000000000000000       0x20 ../SC_TEI0026_bsp//obj/HAL/src/crt0.o
 .debug_ranges  0x0000000000000020       0x18 obj/default/main.o
 .debug_ranges  0x0000000000000038       0x18 c:/intelfpga_lite/19.1/nios2eds/bin/gnu/h-x86_64-mingw32/bin/../lib/gcc/nios2-elf/8.3.1/../../../../../H-x86_64-mingw32/nios2-elf/lib/mno-hw-mul\libsmallc.a(lib_a-printf.o)
 .debug_ranges  0x0000000000000050       0xe8 c:/intelfpga_lite/19.1/nios2eds/bin/gnu/h-x86_64-mingw32/bin/../lib/gcc/nios2-elf/8.3.1/../../../../../H-x86_64-mingw32/nios2-elf/lib/mno-hw-mul\libsmallc.a(lib_a-vfprintf.o)
 .debug_ranges  0x0000000000000138       0x10 c:/intelfpga_lite/19.1/nios2eds/bin/gnu/h-x86_64-mingw32/bin/../lib/gcc/nios2-elf/8.3.1/../../../../../H-x86_64-mingw32/nios2-elf/lib/mno-hw-mul\libsmallc.a(lib_a-fvwrite_small_dev.o)
 .debug_ranges  0x0000000000000148       0x10 c:/intelfpga_lite/19.1/nios2eds/bin/gnu/h-x86_64-mingw32/bin/../lib/gcc/nios2-elf/8.3.1/../../../../../H-x86_64-mingw32/nios2-elf/lib/mno-hw-mul\libsmallc.a(lib_a-strlen.o)
 .debug_ranges  0x0000000000000158       0x10 c:/intelfpga_lite/19.1/nios2eds/bin/gnu/h-x86_64-mingw32/bin/../lib/gcc/nios2-elf/8.3.1/../../../../../H-x86_64-mingw32/nios2-elf/lib/mno-hw-mul\libsmallc.a(lib_a-writer.o)
 .debug_ranges  0x0000000000000168       0x70 c:/intelfpga_lite/19.1/nios2eds/bin/gnu/h-x86_64-mingw32/bin/../lib/gcc/nios2-elf/8.3.1/mno-hw-mul\libgcc.a(lib2-divmod.o)
 .debug_ranges  0x00000000000001d8       0x10 c:/intelfpga_lite/19.1/nios2eds/bin/gnu/h-x86_64-mingw32/bin/../lib/gcc/nios2-elf/8.3.1/../../../../../H-x86_64-mingw32/nios2-elf/lib/mno-hw-mul\libsmallc.a(lib_a-exit.o)
 .debug_ranges  0x00000000000001e8       0x28 c:/intelfpga_lite/19.1/nios2eds/bin/gnu/h-x86_64-mingw32/bin/../lib/gcc/nios2-elf/8.3.1/../../../../../H-x86_64-mingw32/nios2-elf/lib/mno-hw-mul\libsmallc.a(lib_a-__call_atexit.o)
